Component: ARM Compiler 5.06 update 6 (build 750) Tool: armlink [4d35ed]

==============================================================================

Section Cross References

    startup_stm32f103xe.o(RESET) refers to startup_stm32f103xe.o(STACK) for __initial_sp
    startup_stm32f103xe.o(RESET) refers to startup_stm32f103xe.o(.text) for Reset_Handler
    startup_stm32f103xe.o(RESET) refers to stm32f1xx_it.o(i.NMI_Handler) for NMI_Handler
    startup_stm32f103xe.o(RESET) refers to stm32f1xx_it.o(i.HardFault_Handler) for HardFault_Handler
    startup_stm32f103xe.o(RESET) refers to stm32f1xx_it.o(i.MemManage_Handler) for MemManage_Handler
    startup_stm32f103xe.o(RESET) refers to stm32f1xx_it.o(i.BusFault_Handler) for BusFault_Handler
    startup_stm32f103xe.o(RESET) refers to stm32f1xx_it.o(i.UsageFault_Handler) for UsageFault_Handler
    startup_stm32f103xe.o(RESET) refers to stm32f1xx_it.o(i.SVC_Handler) for SVC_Handler
    startup_stm32f103xe.o(RESET) refers to stm32f1xx_it.o(i.DebugMon_Handler) for DebugMon_Handler
    startup_stm32f103xe.o(RESET) refers to stm32f1xx_it.o(i.PendSV_Handler) for PendSV_Handler
    startup_stm32f103xe.o(RESET) refers to stm32f1xx_it.o(i.SysTick_Handler) for SysTick_Handler
    startup_stm32f103xe.o(RESET) refers to stm32f1xx_it.o(i.EXTI9_5_IRQHandler) for EXTI9_5_IRQHandler
    startup_stm32f103xe.o(.text) refers to system_stm32f1xx.o(i.SystemInit) for SystemInit
    startup_stm32f103xe.o(.text) refers to entry.o(.ARM.Collect$$$$00000000) for __main
    main.o(i.SystemClock_Config) refers to memseta.o(.text) for __aeabi_memclr4
    main.o(i.SystemClock_Config) refers to stm32f1xx_hal_rcc.o(i.HAL_RCC_OscConfig) for HAL_RCC_OscConfig
    main.o(i.SystemClock_Config) refers to main.o(i.Error_Handler) for Error_Handler
    main.o(i.SystemClock_Config) refers to stm32f1xx_hal_rcc.o(i.HAL_RCC_ClockConfig) for HAL_RCC_ClockConfig
    main.o(i.SystemClock_Config) refers to stm32f1xx_hal_rcc_ex.o(i.HAL_RCCEx_PeriphCLKConfig) for HAL_RCCEx_PeriphCLKConfig
    main.o(i.main) refers to stm32f1xx_hal.o(i.HAL_Init) for HAL_Init
    main.o(i.main) refers to main.o(i.SystemClock_Config) for SystemClock_Config
    main.o(i.main) refers to gpio.o(i.MX_GPIO_Init) for MX_GPIO_Init
    main.o(i.main) refers to tim.o(i.MX_TIM1_Init) for MX_TIM1_Init
    main.o(i.main) refers to adc.o(i.MX_ADC1_Init) for MX_ADC1_Init
    main.o(i.main) refers to appmain.o(i.APP_Init) for APP_Init
    main.o(i.main) refers to appmain.o(i.APP_Loop) for APP_Loop
    gpio.o(i.MX_GPIO_Init) refers to stm32f1xx_hal_gpio.o(i.HAL_GPIO_WritePin) for HAL_GPIO_WritePin
    gpio.o(i.MX_GPIO_Init) refers to stm32f1xx_hal_gpio.o(i.HAL_GPIO_Init) for HAL_GPIO_Init
    gpio.o(i.MX_GPIO_Init) refers to stm32f1xx_hal_cortex.o(i.HAL_NVIC_SetPriority) for HAL_NVIC_SetPriority
    gpio.o(i.MX_GPIO_Init) refers to stm32f1xx_hal_cortex.o(i.HAL_NVIC_EnableIRQ) for HAL_NVIC_EnableIRQ
    adc.o(i.HAL_ADC_MspDeInit) refers to stm32f1xx_hal_gpio.o(i.HAL_GPIO_DeInit) for HAL_GPIO_DeInit
    adc.o(i.HAL_ADC_MspInit) refers to stm32f1xx_hal_gpio.o(i.HAL_GPIO_Init) for HAL_GPIO_Init
    adc.o(i.MX_ADC1_Init) refers to stm32f1xx_hal_adc.o(i.HAL_ADC_Init) for HAL_ADC_Init
    adc.o(i.MX_ADC1_Init) refers to main.o(i.Error_Handler) for Error_Handler
    adc.o(i.MX_ADC1_Init) refers to stm32f1xx_hal_adc.o(i.HAL_ADC_ConfigChannel) for HAL_ADC_ConfigChannel
    adc.o(i.MX_ADC1_Init) refers to adc.o(.bss) for hadc1
    tim.o(i.HAL_TIM_MspPostInit) refers to stm32f1xx_hal_gpio.o(i.HAL_GPIO_Init) for HAL_GPIO_Init
    tim.o(i.MX_TIM1_Init) refers to memseta.o(.text) for __aeabi_memclr4
    tim.o(i.MX_TIM1_Init) refers to stm32f1xx_hal_tim.o(i.HAL_TIM_Base_Init) for HAL_TIM_Base_Init
    tim.o(i.MX_TIM1_Init) refers to main.o(i.Error_Handler) for Error_Handler
    tim.o(i.MX_TIM1_Init) refers to stm32f1xx_hal_tim.o(i.HAL_TIM_ConfigClockSource) for HAL_TIM_ConfigClockSource
    tim.o(i.MX_TIM1_Init) refers to stm32f1xx_hal_tim.o(i.HAL_TIM_PWM_Init) for HAL_TIM_PWM_Init
    tim.o(i.MX_TIM1_Init) refers to stm32f1xx_hal_tim_ex.o(i.HAL_TIMEx_MasterConfigSynchronization) for HAL_TIMEx_MasterConfigSynchronization
    tim.o(i.MX_TIM1_Init) refers to stm32f1xx_hal_tim.o(i.HAL_TIM_PWM_ConfigChannel) for HAL_TIM_PWM_ConfigChannel
    tim.o(i.MX_TIM1_Init) refers to stm32f1xx_hal_tim_ex.o(i.HAL_TIMEx_ConfigBreakDeadTime) for HAL_TIMEx_ConfigBreakDeadTime
    tim.o(i.MX_TIM1_Init) refers to tim.o(i.HAL_TIM_MspPostInit) for HAL_TIM_MspPostInit
    tim.o(i.MX_TIM1_Init) refers to tim.o(.bss) for htim1
    stm32f1xx_it.o(i.EXTI9_5_IRQHandler) refers to stm32f1xx_hal_gpio.o(i.HAL_GPIO_EXTI_IRQHandler) for HAL_GPIO_EXTI_IRQHandler
    stm32f1xx_it.o(i.EXTI9_5_IRQHandler) refers to motorhalsensor.o(i.MotorHALSensorHandle) for MotorHALSensorHandle
    stm32f1xx_it.o(i.SysTick_Handler) refers to stm32f1xx_hal.o(i.HAL_IncTick) for HAL_IncTick
    stm32f1xx_it.o(i.SysTick_Handler) refers to foc.o(.data) for gFoc_TimeCNT
[...]
    Removing stm32f1xx_hal_tim.o(i.TIM_DMACaptureHalfCplt), (70 bytes).
    Removing stm32f1xx_hal_tim.o(i.TIM_DMADelayPulseCplt), (70 bytes).
    Removing stm32f1xx_hal_tim.o(i.TIM_DMADelayPulseHalfCplt), (70 bytes).
    Removing stm32f1xx_hal_tim.o(i.TIM_DMAError), (20 bytes).
    Removing stm32f1xx_hal_tim.o(i.TIM_DMAPeriodElapsedCplt), (20 bytes).
    Removing stm32f1xx_hal_tim.o(i.TIM_DMAPeriodElapsedHalfCplt), (20 bytes).
    Removing stm32f1xx_hal_tim.o(i.TIM_DMATriggerCplt), (20 bytes).
    Removing stm32f1xx_hal_tim.o(i.TIM_DMATriggerHalfCplt), (20 bytes).
    Removing stm32f1xx_hal_tim.o(i.TIM_SlaveTimer_SetConfig), (170 bytes).
    Removing stm32f1xx_hal_tim.o(i.TIM_TI1_SetConfig), (124 bytes).
    Removing stm32f1xx_hal_tim.o(i.TIM_TI2_SetConfig), (58 bytes).
    Removing stm32f1xx_hal_tim.o(i.TIM_TI3_SetConfig), (56 bytes).
    Removing stm32f1xx_hal_tim.o(i.TIM_TI4_SetConfig), (60 bytes).
    Removing stm32f1xx_hal_tim_ex.o(.rev16_text), (4 bytes).
    Removing stm32f1xx_hal_tim_ex.o(.revsh_text), (4 bytes).
    Removing stm32f1xx_hal_tim_ex.o(.rrx_text), (6 bytes).
    Removing stm32f1xx_hal_tim_ex.o(i.HAL_TIMEx_BreakCallback), (2 bytes).
    Removing stm32f1xx_hal_tim_ex.o(i.HAL_TIMEx_CommutCallback), (2 bytes).
    Removing stm32f1xx_hal_tim_ex.o(i.HAL_TIMEx_CommutHalfCpltCallback), (2 bytes).
    Removing stm32f1xx_hal_tim_ex.o(i.HAL_TIMEx_ConfigCommutEvent), (134 bytes).
    Removing stm32f1xx_hal_tim_ex.o(i.HAL_TIMEx_ConfigCommutEvent_DMA), (164 bytes).
    Removing stm32f1xx_hal_tim_ex.o(i.HAL_TIMEx_ConfigCommutEvent_IT), (134 bytes).
    Removing stm32f1xx_hal_tim_ex.o(i.HAL_TIMEx_HallSensor_DeInit), (70 bytes).
    Removing stm32f1xx_hal_tim_ex.o(i.HAL_TIMEx_HallSensor_GetState), (8 bytes).
    Removing stm32f1xx_hal_tim_ex.o(i.HAL_TIMEx_HallSensor_Init), (208 bytes).
    Removing stm32f1xx_hal_tim_ex.o(i.HAL_TIMEx_HallSensor_MspDeInit), (2 bytes).
    Removing stm32f1xx_hal_tim_ex.o(i.HAL_TIMEx_HallSensor_MspInit), (2 bytes).
    Removing stm32f1xx_hal_tim_ex.o(i.HAL_TIMEx_HallSensor_Start), (42 bytes).
    Removing stm32f1xx_hal_tim_ex.o(i.HAL_TIMEx_HallSensor_Start_DMA), (144 bytes).
    Removing stm32f1xx_hal_tim_ex.o(i.HAL_TIMEx_HallSensor_Start_IT), (54 bytes).
    Removing stm32f1xx_hal_tim_ex.o(i.HAL_TIMEx_HallSensor_Stop), (56 bytes).
    Removing stm32f1xx_hal_tim_ex.o(i.HAL_TIMEx_HallSensor_Stop_DMA), (74 bytes).
    Removing stm32f1xx_hal_tim_ex.o(i.HAL_TIMEx_HallSensor_Stop_IT), (68 bytes).
    Removing stm32f1xx_hal_tim_ex.o(i.HAL_TIMEx_OCN_Start), (56 bytes).
    Removing stm32f1xx_hal_tim_ex.o(i.HAL_TIMEx_OCN_Start_DMA), (288 bytes).
    Removing stm32f1xx_hal_tim_ex.o(i.HAL_TIMEx_OCN_Start_IT), (126 bytes).
    Removing stm32f1xx_hal_tim_ex.o(i.HAL_TIMEx_OCN_Stop), (96 bytes).
    Removing stm32f1xx_hal_tim_ex.o(i.HAL_TIMEx_OCN_Stop_DMA), (178 bytes).
    Removing stm32f1xx_hal_tim_ex.o(i.HAL_TIMEx_OCN_Stop_IT), (178 bytes).
    Removing stm32f1xx_hal_tim_ex.o(i.HAL_TIMEx_OnePulseN_Start), (32 bytes).
    Removing stm32f1xx_hal_tim_ex.o(i.HAL_TIMEx_OnePulseN_Start_IT), (56 bytes).
    Removing stm32f1xx_hal_tim_ex.o(i.HAL_TIMEx_OnePulseN_Stop), (96 bytes).
    Removing stm32f1xx_hal_tim_ex.o(i.HAL_TIMEx_OnePulseN_Stop_IT), (120 bytes).
    Removing stm32f1xx_hal_tim_ex.o(i.HAL_TIMEx_PWMN_Start), (56 bytes).
    Removing stm32f1xx_hal_tim_ex.o(i.HAL_TIMEx_PWMN_Start_DMA), (288 bytes).
    Removing stm32f1xx_hal_tim_ex.o(i.HAL_TIMEx_PWMN_Start_IT), (126 bytes).
    Removing stm32f1xx_hal_tim_ex.o(i.HAL_TIMEx_PWMN_Stop), (96 bytes).
    Removing stm32f1xx_hal_tim_ex.o(i.HAL_TIMEx_PWMN_Stop_DMA), (178 bytes).
    Removing stm32f1xx_hal_tim_ex.o(i.HAL_TIMEx_PWMN_Stop_IT), (178 bytes).
    Removing stm32f1xx_hal_tim_ex.o(i.HAL_TIMEx_RemapConfig), (6 bytes).
    Removing stm32f1xx_hal_tim_ex.o(i.TIMEx_DMACommutationCplt), (20 bytes).
    Removing stm32f1xx_hal_tim_ex.o(i.TIMEx_DMACommutationHalfCplt), (20 bytes).
    Removing stm32f1xx_hal_tim_ex.o(i.TIM_CCxNChannelCmd), (34 bytes).
    Removing system_stm32f1xx.o(.rev16_text), (4 bytes).
    Removing system_stm32f1xx.o(.revsh_text), (4 bytes).
    Removing system_stm32f1xx.o(.rrx_text), (6 bytes).
    Removing system_stm32f1xx.o(i.SystemCoreClockUpdate), (164 bytes).
    Removing segger_rtt.o(i.SEGGER_RTT_ConfigDownBuffer), (128 bytes).
    Removing segger_rtt.o(i.SEGGER_RTT_ConfigUpBuffer), (128 bytes).
    Removing segger_rtt.o(i.SEGGER_RTT_GetKey), (30 bytes).
    Removing segger_rtt.o(i.SEGGER_RTT_HasKey), (28 bytes).
    Removing segger_rtt.o(i.SEGGER_RTT_Init), (8 bytes).
    Removing segger_rtt.o(i.SEGGER_RTT_Read), (200 bytes).
    Removing segger_rtt.o(i.SEGGER_RTT_WaitKey), (14 bytes).
    Removing segger_rtt.o(i.SEGGER_RTT_WriteString), (26 bytes).
    Removing segger_rtt.o(i._strlen), (30 bytes).
    Removing segger_rtt_printf.o(i.SEGGER_RTT_printf), (26 bytes).
    Removing segger_rtt_printf.o(i.SEGGER_RTT_vprintf), (504 bytes).
    Removing segger_rtt_printf.o(i._PrintInt), (234 bytes).
    Removing segger_rtt_printf.o(i._PrintUnsigned), (244 bytes).
    Removing segger_rtt_printf.o(i._StoreChar), (68 bytes).
    Removing segger_rtt_printf.o(.constdata), (16 bytes).
    Removing motorgpio.o(.rev16_text), (4 bytes).
    Removing motorgpio.o(.revsh_text), (4 bytes).
    Removing motorgpio.o(.rrx_text), (6 bytes).
    Removing motorhalsensor.o(.rev16_text), (4 bytes).
    Removing motorhalsensor.o(.revsh_text), (4 bytes).
    Removing motorhalsensor.o(.rrx_text), (6 bytes).
    Removing motorhalsensor.o(i.GetMotorHALSensorValue), (12 bytes).
    Removing cdcmple.o(.text), (48 bytes).

387 unused section(s) (total 32016 bytes) removed from the image.

==============================================================================

Image Symbol Table

    Local Symbols

    Symbol Name                              Value     Ov Type        Size  Object(Section)

    ../Drivers/STM32F1xx_HAL_Driver/Src/stm32f1xx_hal.c 0x00000000   Number         0  stm32f1xx_hal.o ABSOLUTE
    ../Drivers/STM32F1xx_HAL_Driver/Src/stm32f1xx_hal_adc.c 0x00000000   Number         0  stm32f1xx_hal_adc.o ABSOLUTE
    ../Drivers/STM32F1xx_HAL_Driver/Src/stm32f1xx_hal_adc_ex.c 0x00000000   Number         0  stm32f1xx_hal_adc_ex.o ABSOLUTE
    ../Drivers/STM32F1xx_HAL_Driver/Src/stm32f1xx_hal_cortex.c 0x00000000   Number         0  stm32f1xx_hal_cortex.o ABSOLUTE
    ../Drivers/STM32F1xx_HAL_Driver/Src/stm32f1xx_hal_dma.c 0x00000000   Number         0  stm32f1xx_hal_dma.o ABSOLUTE
    ../Drivers/STM32F1xx_HAL_Driver/Src/stm32f1xx_hal_exti.c 0x00000000   Number         0  stm32f1xx_hal_exti.o ABSOLUTE
    ../Drivers/STM32F1xx_HAL_Driver/Src/stm32f1xx_hal_flash.c 0x00000000   Number         0  stm32f1xx_hal_flash.o ABSOLUTE
    ../Drivers/STM32F1xx_HAL_Driver/Src/stm32f1xx_hal_flash_ex.c 0x00000000   Number         0  stm32f1xx_hal_flash_ex.o ABSOLUTE
    ../Drivers/STM32F1xx_HAL_Driver/Src/stm32f1xx_hal_gpio.c 0x00000000   Number         0  stm32f1xx_hal_gpio.o ABSOLUTE
    ../Drivers/STM32F1xx_HAL_Driver/Src/stm32f1xx_hal_gpio_ex.c 0x00000000   Number         0  stm32f1xx_hal_gpio_ex.o ABSOLUTE
    ../Drivers/STM32F1xx_HAL_Driver/Src/stm32f1xx_hal_pwr.c 0x00000000   Number         0  stm32f1xx_hal_pwr.o ABSOLUTE
    ../Drivers/STM32F1xx_HAL_Driver/Src/stm32f1xx_hal_rcc.c 0x00000000   Number         0  stm32f1xx_hal_rcc.o ABSOLUTE
    ../Drivers/STM32F1xx_HAL_Driver/Src/stm32f1xx_hal_rcc_ex.c 0x00000000   Number         0  stm32f1xx_hal_rcc_ex.o ABSOLUTE
    ../Drivers/STM32F1xx_HAL_Driver/Src/stm32f1xx_hal_tim.c 0x00000000   Number         0  stm32f1xx_hal_tim.o ABSOLUTE
    ../Drivers/STM32F1xx_HAL_Driver/Src/stm32f1xx_hal_tim_ex.c 0x00000000   Number         0  stm32f1xx_hal_tim_ex.o ABSOLUTE
    ../Src/adc.c                             0x00000000   Number         0  adc.o ABSOLUTE
    ../Src/gpio.c                            0x00000000   Number         0  gpio.o ABSOLUTE
    ../Src/main.c                            0x00000000   Number         0  main.o ABSOLUTE
    ../Src/stm32f1xx_hal_msp.c               0x00000000   Number         0  stm32f1xx_hal_msp.o ABSOLUTE
    ../Src/stm32f1xx_it.c                    0x00000000   Number         0  stm32f1xx_it.o ABSOLUTE
    ../Src/system_stm32f1xx.c                0x00000000   Number         0  system_stm32f1xx.o ABSOLUTE
    ../Src/tim.c                             0x00000000   Number         0  tim.o ABSOLUTE
    ../clib/microlib/division.c              0x00000000   Number         0  uidiv.o ABSOLUTE
    ../clib/microlib/division.c              0x00000000   Number         0  uldiv.o ABSOLUTE
    ../clib/microlib/errno.c                 0x00000000   Number         0  errno.o ABSOLUTE
    ../clib/microlib/init/entry.s            0x00000000   Number         0  entry9a.o ABSOLUTE
    ../clib/microlib/init/entry.s            0x00000000   Number         0  entry9b.o ABSOLUTE
    ../clib/microlib/init/entry.s            0x00000000   Number         0  entry10a.o ABSOLUTE
    ../clib/microlib/init/entry.s            0x00000000   Number         0  entry10b.o ABSOLUTE
    ../clib/microlib/init/entry.s            0x00000000   Number         0  entry11a.o ABSOLUTE
    ../clib/microlib/init/entry.s            0x00000000   Number         0  entry11b.o ABSOLUTE
    ../clib/microlib/init/entry.s            0x00000000   Number         0  entry.o ABSOLUTE
    ../clib/microlib/init/entry.s            0x00000000   Number         0  entry2.o ABSOLUTE
    ../clib/microlib/init/entry.s            0x00000000   Number         0  entry5.o ABSOLUTE
    ../clib/microlib/init/entry.s            0x00000000   Number         0  entry7a.o ABSOLUTE
    ../clib/microlib/init/entry.s            0x00000000   Number         0  entry7b.o ABSOLUTE
    ../clib/microlib/init/entry.s            0x00000000   Number         0  entry8a.o ABSOLUTE
    ../clib/microlib/init/entry.s            0x00000000   Number         0  entry8b.o ABSOLUTE
    ../clib/microlib/longlong.c              0x00000000   Number         0  llshl.o ABSOLUTE
    ../clib/microlib/longlong.c              0x00000000   Number         0  llsshr.o ABSOLUTE
    ../clib/microlib/longlong.c              0x00000000   Number         0  llushr.o ABSOLUTE
    ../clib/microlib/printf/printf.c         0x00000000   Number         0  printf1.o ABSOLUTE
    ../clib/microlib/printf/printf.c         0x00000000   Number         0  printf8.o ABSOLUTE
    ../clib/microlib/printf/printf.c         0x00000000   Number         0  printf7.o ABSOLUTE
    ../clib/microlib/printf/printf.c         0x00000000   Number         0  printf6.o ABSOLUTE
    ../clib/microlib/printf/printf.c         0x00000000   Number         0  printf0.o ABSOLUTE
    ../clib/microlib/printf/printf.c         0x00000000   Number         0  printf5.o ABSOLUTE
    ../clib/microlib/printf/printf.c         0x00000000   Number         0  printf4.o ABSOLUTE
    ../clib/microlib/printf/printf.c         0x00000000   Number         0  printf3.o ABSOLUTE
    ../clib/microlib/printf/printf.c         0x00000000   Number         0  printfa.o ABSOLUTE
    ../clib/microlib/printf/printf.c         0x00000000   Number         0  printf2.o ABSOLUTE
    ../clib/microlib/printf/printf.c         0x00000000   Number         0  printfb.o ABSOLUTE
    ../clib/microlib/printf/stubs.s          0x00000000   Number         0  stubs.o ABSOLUTE
    ../clib/microlib/stdio/streams.c         0x00000000   Number         0  stdout.o ABSOLUTE
    ../clib/microlib/string/memcpy.c         0x00000000   Number         0  memcpyb.o ABSOLUTE
    ../clib/microlib/string/memcpy.c         0x00000000   Number         0  memcpya.o ABSOLUTE
    ../clib/microlib/string/memset.c         0x00000000   Number         0  memseta.o ABSOLUTE
    ../clib/microlib/stubs.s                 0x00000000   Number         0  iusefp.o ABSOLUTE
    ../fplib/microlib/d2f.c                  0x00000000   Number         0  d2f.o ABSOLUTE
    ../fplib/microlib/f2d.c                  0x00000000   Number         0  f2d.o ABSOLUTE
    ../fplib/microlib/fpadd.c                0x00000000   Number         0  dadd.o ABSOLUTE
    ../fplib/microlib/fpdiv.c                0x00000000   Number         0  ddiv.o ABSOLUTE
    ../fplib/microlib/fpepilogue.c           0x00000000   Number         0  fepilogue.o ABSOLUTE
    ../fplib/microlib/fpepilogue.c           0x00000000   Number         0  depilogue.o ABSOLUTE
    ../fplib/microlib/fpfix.c                0x00000000   Number         0  dfixul.o ABSOLUTE
    ../fplib/microlib/fpfix.c                0x00000000   Number         0  dfixi.o ABSOLUTE
    ../fplib/microlib/fpflt.c                0x00000000   Number         0  dflti.o ABSOLUTE
    ../fplib/microlib/fpflt.c                0x00000000   Number         0  ffltui.o ABSOLUTE
    ../fplib/microlib/fpflt.c                0x00000000   Number         0  dfltui.o ABSOLUTE
    ../fplib/microlib/fpmul.c                0x00000000   Number         0  fmul.o ABSOLUTE
    ../fplib/microlib/fpmul.c                0x00000000   Number         0  dmul.o ABSOLUTE
    ../fplib/microlib/fpscalb.c              0x00000000   Number         0  dscalb.o ABSOLUTE
    ../fplib/microlib/fpsqrt.c               0x00000000   Number         0  dsqrt.o ABSOLUTE
    ../mathlib/cos.c                         0x00000000   Number         0  cos.o ABSOLUTE
    ../mathlib/cos.c                         0x00000000   Number         0  cos_x.o ABSOLUTE
    ../mathlib/cos_i.c                       0x00000000   Number         0  cos_i.o ABSOLUTE
    ../mathlib/dunder.c                      0x00000000   Number         0  dunder.o ABSOLUTE
    ../mathlib/fpclassify.c                  0x00000000   Number         0  fpclassify.o ABSOLUTE
    ../mathlib/poly.c                        0x00000000   Number         0  poly.o ABSOLUTE
    ../mathlib/rred.c                        0x00000000   Number         0  rred.o ABSOLUTE
    ../mathlib/sin.c                         0x00000000   Number         0  sin_x.o ABSOLUTE
    ../mathlib/sin.c                         0x00000000   Number         0  sin.o ABSOLUTE
    ../mathlib/sin_i.c                       0x00000000   Number         0  sin_i.o ABSOLUTE
    ../mathlib/sin_i.c                       0x00000000   Number         0  sin_i_x.o ABSOLUTE
    ../mathlib/sqrt.c                        0x00000000   Number         0  sqrt_x.o ABSOLUTE
    ../mathlib/sqrt.c                        0x00000000   Number         0  sqrt.o ABSOLUTE
    ..\Drivers\STM32F1xx_HAL_Driver\Src\stm32f1xx_hal.c 0x00000000   Number         0  stm32f1xx_hal.o ABSOLUTE
    ..\Drivers\STM32F1xx_HAL_Driver\Src\stm32f1xx_hal_adc.c 0x00000000   Number         0  stm32f1xx_hal_adc.o ABSOLUTE
    ..\Drivers\STM32F1xx_HAL_Driver\Src\stm32f1xx_hal_adc_ex.c 0x00000000   Number         0  stm32f1xx_hal_adc_ex.o ABSOLUTE
    ..\Drivers\STM32F1xx_HAL_Driver\Src\stm32f1xx_hal_cortex.c 0x00000000   Number         0  stm32f1xx_hal_cortex.o ABSOLUTE
    ..\Drivers\STM32F1xx_HAL_Driver\Src\stm32f1xx_hal_dma.c 0x00000000   Number         0  stm32f1xx_hal_dma.o ABSOLUTE
    ..\Drivers\STM32F1xx_HAL_Driver\Src\stm32f1xx_hal_exti.c 0x00000000   Number         0  stm32f1xx_hal_exti.o ABSOLUTE
    ..\Drivers\STM32F1xx_HAL_Driver\Src\stm32f1xx_hal_flash.c 0x00000000   Number         0  stm32f1xx_hal_flash.o ABSOLUTE
    ..\Drivers\STM32F1xx_HAL_Driver\Src\stm32f1xx_hal_flash_ex.c 0x00000000   Number         0  stm32f1xx_hal_flash_ex.o ABSOLUTE
    ..\Drivers\STM32F1xx_HAL_Driver\Src\stm32f1xx_hal_gpio.c 0x00000000   Number         0  stm32f1xx_hal_gpio.o ABSOLUTE
    ..\Drivers\STM32F1xx_HAL_Driver\Src\stm32f1xx_hal_gpio_ex.c 0x00000000   Number         0  stm32f1xx_hal_gpio_ex.o ABSOLUTE
    ..\Drivers\STM32F1xx_HAL_Driver\Src\stm32f1xx_hal_pwr.c 0x00000000   Number         0  stm32f1xx_hal_pwr.o ABSOLUTE
    ..\Drivers\STM32F1xx_HAL_Driver\Src\stm32f1xx_hal_rcc.c 0x00000000   Number         0  stm32f1xx_hal_rcc.o ABSOLUTE
    ..\Drivers\STM32F1xx_HAL_Driver\Src\stm32f1xx_hal_rcc_ex.c 0x00000000   Number         0  stm32f1xx_hal_rcc_ex.o ABSOLUTE
    ..\Drivers\STM32F1xx_HAL_Driver\Src\stm32f1xx_hal_tim.c 0x00000000   Number         0  stm32f1xx_hal_tim.o ABSOLUTE
    ..\Drivers\STM32F1xx_HAL_Driver\Src\stm32f1xx_hal_tim_ex.c 0x00000000   Number         0  stm32f1xx_hal_tim_ex.o ABSOLUTE
    ..\Src\adc.c                             0x00000000   Number         0  adc.o ABSOLUTE
    ..\Src\gpio.c                            0x00000000   Number         0  gpio.o ABSOLUTE
    ..\Src\main.c                            0x00000000   Number         0  main.o ABSOLUTE
    ..\Src\stm32f1xx_hal_msp.c               0x00000000   Number         0  stm32f1xx_hal_msp.o ABSOLUTE
    ..\Src\stm32f1xx_it.c                    0x00000000   Number         0  stm32f1xx_it.o ABSOLUTE
    ..\Src\system_stm32f1xx.c                0x00000000   Number         0  system_stm32f1xx.o ABSOLUTE
    ..\Src\tim.c                             0x00000000   Number         0  tim.o ABSOLUTE
    ..\User\APP\APPMain.c                    0x00000000   Number         0  appmain.o ABSOLUTE
    ..\User\FarmeWork\FOC.c                  0x00000000   Number         0  foc.o ABSOLUTE
    ..\User\FarmeWork\FarmeWorkMain.c        0x00000000   Number         0  farmeworkmain.o ABSOLUTE
    ..\User\Function\FOCFunction.c           0x00000000   Number         0  focfunction.o ABSOLUTE
    ..\User\Function\FunctionMain.c          0x00000000   Number         0  functionmain.o ABSOLUTE
    ..\User\MCUDriver\MCUDriverMain.c        0x00000000   Number         0  mcudrivermain.o ABSOLUTE
    ..\User\MCUDriver\MotorGPIO.c            0x00000000   Number         0  motorgpio.o ABSOLUTE
    ..\User\MCUDriver\MotorHALSensor.c       0x00000000   Number         0  motorhalsensor.o ABSOLUTE
    ..\User\PeripheralDriver\PeripheralDriverMain.c 0x00000000   Number         0  peripheraldrivermain.o ABSOLUTE
    ..\User\RTT\SEGGER_RTT.c                 0x00000000   Number         0  segger_rtt.o ABSOLUTE
    ..\User\RTT\SEGGER_RTT_printf.c          0x00000000   Number         0  segger_rtt_printf.o ABSOLUTE
    ..\\User\\MCUDriver\\MotorGPIO.c         0x00000000   Number         0  motorgpio.o ABSOLUTE
    ..\\User\\MCUDriver\\MotorHALSensor.c    0x00000000   Number         0  motorhalsensor.o ABSOLUTE
    cdcmple.s                                0x00000000   Number         0  cdcmple.o ABSOLUTE
    cdrcmple.s                               0x00000000   Number         0  cdrcmple.o ABSOLUTE
    cfrcmple.s                               0x00000000   Number         0  cfrcmple.o ABSOLUTE
    dc.s                                     0x00000000   Number         0  dc.o ABSOLUTE
    handlers.s                               0x00000000   Number         0  handlers.o ABSOLUTE
    init.s                                   0x00000000   Number         0  init.o ABSOLUTE
    startup_stm32f103xe.s                    0x00000000   Number         0  startup_stm32f103xe.o ABSOLUTE
    RESET                                    0x08000000   Section      304  startup_stm32f103xe.o(RESET)
    .ARM.Collect$$$$00000000                 0x08000130   Section        0  entry.o(.ARM.Collect$$$$00000000)
    .ARM.Collect$$$$00000001                 0x08000130   Section        4  entry2.o(.ARM.Collect$$$$00000001)
    .ARM.Collect$$$$00000004                 0x08000134   Section        4  entry5.o(.ARM.Collect$$$$00000004)
    .ARM.Collect$$$$00000008                 0x08000138   Section        0  entry7b.o(.ARM.Collect$$$$00000008)
    .ARM.Collect$$$$0000000A                 0x08000138   Section        0  entry8b.o(.ARM.Collect$$$$0000000A)
    .ARM.Collect$$$$0000000B                 0x08000138   Section        8  entry9a.o(.ARM.Collect$$$$0000000B)
    .ARM.Collect$$$$0000000D                 0x08000140   Section        0  entry10a.o(.ARM.Collect$$$$0000000D)
    .ARM.Collect$$$$0000000F                 0x08000140   Section        0  entry11a.o(.ARM.Collect$$$$0000000F)
    .ARM.Collect$$$$00002712                 0x08000140   Section        4  entry2.o(.ARM.Collect$$$$00002712)
    __lit__00000000                          0x08000140   Data           4  entry2.o(.ARM.Collect$$$$00002712)
    .text                                    0x08000144   Section       36  startup_stm32f103xe.o(.text)
    .text                                    0x08000168   Section        0  llushr.o(.text)
    .text                                    0x08000188   Section        0  memcpya.o(.text)
    .text                                    0x080001ac   Section        0  memseta.o(.text)
    .text                                    0x080001d0   Section        0  fmul.o(.text)
    .text                                    0x08000234   Section        0  dadd.o(.text)
    .text                                    0x08000382   Section        0  dmul.o(.text)
    .text                                    0x08000466   Section        0  ddiv.o(.text)
    .text                                    0x08000544   Section        0  ffltui.o(.text)
    .text                                    0x0800054e   Section        0  f2d.o(.text)
    .text                                    0x08000574   Section       48  cdrcmple.o(.text)
    .text                                    0x080005a4   Section        0  d2f.o(.text)
    .text                                    0x080005dc   Section       20  cfrcmple.o(.text)
    .text                                    0x080005f0   Section        0  uidiv.o(.text)
    .text                                    0x0800061c   Section        0  uldiv.o(.text)
    .text                                    0x0800067e   Section        0  llshl.o(.text)
    .text                                    0x0800069c   Section        0  llsshr.o(.text)
    .text                                    0x080006c0   Section        0  iusefp.o(.text)
    .text                                    0x080006c0   Section        0  fepilogue.o(.text)
    .text                                    0x0800072e   Section        0  depilogue.o(.text)
    .text                                    0x080007e8   Section        0  dsqrt.o(.text)
    .text                                    0x0800088a   Section        0  dfixul.o(.text)
    .text                                    0x080008bc   Section       36  init.o(.text)
    .text                                    0x080008e0   Section        0  dscalb.o(.text)
    .text                                    0x0800090e   Section        0  dflti.o(.text)
    .text                                    0x08000930   Section        0  dfltui.o(.text)
    .text                                    0x0800094a   Section        0  dfixi.o(.text)
    i.ADC_ConversionStop_Disable             0x08000988   Section        0  stm32f1xx_hal_adc.o(i.ADC_ConversionStop_Disable)
    i.APP_Init                               0x080009dc   Section        0  appmain.o(i.APP_Init)
    i.APP_Loop                               0x08000a04   Section        0  appmain.o(i.APP_Loop)
    i.BusFault_Handler                       0x08000a18   Section        0  stm32f1xx_it.o(i.BusFault_Handler)
    i.ClackTransform                         0x08000a1c   Section        0  foc.o(i.ClackTransform)
    i.DebugMon_Handler                       0x08000ac0   Section        0  stm32f1xx_it.o(i.DebugMon_Handler)
    i.EXTI9_5_IRQHandler                     0x08000ac2   Section        0  stm32f1xx_it.o(i.EXTI9_5_IRQHandler)
    i.Error_Handler                          0x08000ade   Section        0  main.o(i.Error_Handler)
    i.FOCCycle                               0x08000ae0   Section        0  foc.o(i.FOCCycle)
    i.FOC_Loop                               0x08000b24   Section        0  focfunction.o(i.FOC_Loop)
    i.FOC_Test                               0x08000b34   Section        0  foc.o(i.FOC_Test)
    i.FarmeWork_Init                         0x08000ca8   Section        0  farmeworkmain.o(i.FarmeWork_Init)
    i.FarmeWork_Loop                         0x08000cc0   Section        0  farmeworkmain.o(i.FarmeWork_Loop)
    i.Function_Init                          0x08000cc4   Section        0  functionmain.o(i.Function_Init)
    i.Function_Loop                          0x08000cdc   Section        0  functionmain.o(i.Function_Loop)
    i.HAL_ADC_ConfigChannel                  0x08000ce4   Section        0  stm32f1xx_hal_adc.o(i.HAL_ADC_ConfigChannel)
    i.HAL_ADC_Init                           0x08000e44   Section        0  stm32f1xx_hal_adc.o(i.HAL_ADC_Init)
    i.HAL_ADC_MspInit                        0x08000fa4   Section        0  adc.o(i.HAL_ADC_MspInit)
    i.HAL_GPIO_EXTI_Callback                 0x08001040   Section        0  stm32f1xx_hal_gpio.o(i.HAL_GPIO_EXTI_Callback)
    i.HAL_GPIO_EXTI_IRQHandler               0x08001044   Section        0  stm32f1xx_hal_gpio.o(i.HAL_GPIO_EXTI_IRQHandler)
    i.HAL_GPIO_Init                          0x08001060   Section        0  stm32f1xx_hal_gpio.o(i.HAL_GPIO_Init)
    i.HAL_GPIO_ReadPin                       0x080013a0   Section        0  stm32f1xx_hal_gpio.o(i.HAL_GPIO_ReadPin)
    i.HAL_GPIO_WritePin                      0x080013b0   Section        0  stm32f1xx_hal_gpio.o(i.HAL_GPIO_WritePin)
    i.HAL_GetTick                            0x080013bc   Section        0  stm32f1xx_hal.o(i.HAL_GetTick)
    i.HAL_IncTick                            0x080013c8   Section        0  stm32f1xx_hal.o(i.HAL_IncTick)
    i.HAL_Init                               0x080013e0   Section        0  stm32f1xx_hal.o(i.HAL_Init)
    i.HAL_InitTick                           0x08001408   Section        0  stm32f1xx_hal.o(i.HAL_InitTick)
    i.HAL_MspInit                            0x08001454   Section        0  stm32f1xx_hal_msp.o(i.HAL_MspInit)
    i.HAL_NVIC_EnableIRQ                     0x080014a8   Section        0  stm32f1xx_hal_cortex.o(i.HAL_NVIC_EnableIRQ)
    i.HAL_NVIC_SetPriority                   0x080014c8   Section        0  stm32f1xx_hal_cortex.o(i.HAL_NVIC_SetPriority)
    i.HAL_NVIC_SetPriorityGrouping           0x08001544   Section        0  stm32f1xx_hal_cortex.o(i.HAL_NVIC_SetPriorityGrouping)
    i.HAL_RCCEx_PeriphCLKConfig              0x0800156c   Section        0  stm32f1xx_hal_rcc_ex.o(i.HAL_RCCEx_PeriphCLKConfig)
    i.HAL_RCC_ClockConfig                    0x0800169c   Section        0  stm32f1xx_hal_rcc.o(i.HAL_RCC_ClockConfig)
    i.HAL_RCC_GetSysClockFreq                0x08001828   Section        0  stm32f1xx_hal_rcc.o(i.HAL_RCC_GetSysClockFreq)
    i.HAL_RCC_OscConfig                      0x080018bc   Section        0  stm32f1xx_hal_rcc.o(i.HAL_RCC_OscConfig)
    i.HAL_SYSTICK_Config                     0x08001d20   Section        0  stm32f1xx_hal_cortex.o(i.HAL_SYSTICK_Config)
    i.HAL_TIMEx_ConfigBreakDeadTime          0x08001d54   Section        0  stm32f1xx_hal_tim_ex.o(i.HAL_TIMEx_ConfigBreakDeadTime)
    i.HAL_TIMEx_MasterConfigSynchronization  0x08001dc8   Section        0  stm32f1xx_hal_tim_ex.o(i.HAL_TIMEx_MasterConfigSynchronization)
    i.HAL_TIM_Base_Init                      0x08001e1c   Section        0  stm32f1xx_hal_tim.o(i.HAL_TIM_Base_Init)
    i.HAL_TIM_Base_MspInit                   0x08001e50   Section        0  tim.o(i.HAL_TIM_Base_MspInit)
    i.HAL_TIM_ConfigClockSource              0x08001e80   Section        0  stm32f1xx_hal_tim.o(i.HAL_TIM_ConfigClockSource)
    i.HAL_TIM_MspPostInit                    0x08001f88   Section        0  tim.o(i.HAL_TIM_MspPostInit)
    i.HAL_TIM_PWM_ConfigChannel              0x08001fe0   Section        0  stm32f1xx_hal_tim.o(i.HAL_TIM_PWM_ConfigChannel)
    i.HAL_TIM_PWM_Init                       0x080020e8   Section        0  stm32f1xx_hal_tim.o(i.HAL_TIM_PWM_Init)
    i.HAL_TIM_PWM_MspInit                    0x0800211c   Section        0  stm32f1xx_hal_tim.o(i.HAL_TIM_PWM_MspInit)
    i.HAL_TIM_PWM_Start                      0x08002120   Section        0  stm32f1xx_hal_tim.o(i.HAL_TIM_PWM_Start)
    i.HardFault_Handler                      0x08002178   Section        0  stm32f1xx_it.o(i.HardFault_Handler)
    i.MCUDriver_Init                         0x0800217c   Section        0  mcudrivermain.o(i.MCUDriver_Init)
    i.MCUDriver_Loop                         0x08002198   Section        0  mcudrivermain.o(i.MCUDriver_Loop)
    i.MX_ADC1_Init                           0x0800219c   Section        0  adc.o(i.MX_ADC1_Init)
    i.MX_GPIO_Init                           0x080021f4   Section        0  gpio.o(i.MX_GPIO_Init)
    i.MX_TIM1_Init                           0x080022cc   Section        0  tim.o(i.MX_TIM1_Init)
    i.MemManage_Handler                      0x080023c4   Section        0  stm32f1xx_it.o(i.MemManage_Handler)
    i.MotorHALSensorHandle                   0x080023c8   Section        0  motorhalsensor.o(i.MotorHALSensorHandle)
    i.NMI_Handler                            0x0800240c   Section        0  stm32f1xx_it.o(i.NMI_Handler)
    i.ParkTransform                          0x08002410   Section        0  foc.o(i.ParkTransform)
    i.PendSV_Handler                         0x08002524   Section        0  stm32f1xx_it.o(i.PendSV_Handler)
    i.PeripheralDriver_Init                  0x08002528   Section        0  peripheraldrivermain.o(i.PeripheralDriver_Init)
    i.PeripheralDriver_Loop                  0x08002540   Section        0  peripheraldrivermain.o(i.PeripheralDriver_Loop)
    i.RCC_Delay                              0x08002544   Section        0  stm32f1xx_hal_rcc.o(i.RCC_Delay)
    RCC_Delay                                0x08002545   Thumb Code    36  stm32f1xx_hal_rcc.o(i.RCC_Delay)
    i.SEGGER_RTT_Write                       0x0800256c   Section        0  segger_rtt.o(i.SEGGER_RTT_Write)
    i.SVC_Handler                            0x080026dc   Section        0  stm32f1xx_it.o(i.SVC_Handler)
    i.SetMotorHighBridge                     0x080026e0   Section        0  motorgpio.o(i.SetMotorHighBridge)
    i.SetMotorLowBridge                      0x08002718   Section        0  motorgpio.o(i.SetMotorLowBridge)
    i.SetMotorRun                            0x0800274c   Section        0  motorgpio.o(i.SetMotorRun)
    i.SysTick_Handler                        0x0800280c   Section        0  stm32f1xx_it.o(i.SysTick_Handler)
    i.SystemClock_Config                     0x08002824   Section        0  main.o(i.SystemClock_Config)
    i.SystemInit                             0x080028a8   Section        0  system_stm32f1xx.o(i.SystemInit)
    i.TIM1_Init                              0x08002900   Section        0  motorgpio.o(i.TIM1_Init)
    i.TIM_Base_SetConfig                     0x08002934   Section        0  stm32f1xx_hal_tim.o(i.TIM_Base_SetConfig)
    i.TIM_CCxChannelCmd                      0x080029d0   Section        0  stm32f1xx_hal_tim.o(i.TIM_CCxChannelCmd)
    i.TIM_ETR_SetConfig                      0x080029f2   Section        0  stm32f1xx_hal_tim.o(i.TIM_ETR_SetConfig)
    i.TIM_ITRx_SetConfig                     0x08002a08   Section        0  stm32f1xx_hal_tim.o(i.TIM_ITRx_SetConfig)
    TIM_ITRx_SetConfig                       0x08002a09   Thumb Code    18  stm32f1xx_hal_tim.o(i.TIM_ITRx_SetConfig)
    i.TIM_OC1_SetConfig                      0x08002a1c   Section        0  stm32f1xx_hal_tim.o(i.TIM_OC1_SetConfig)
    TIM_OC1_SetConfig                        0x08002a1d   Thumb Code   104  stm32f1xx_hal_tim.o(i.TIM_OC1_SetConfig)
    i.TIM_OC2_SetConfig                      0x08002a8c   Section        0  stm32f1xx_hal_tim.o(i.TIM_OC2_SetConfig)
    i.TIM_OC3_SetConfig                      0x08002b08   Section        0  stm32f1xx_hal_tim.o(i.TIM_OC3_SetConfig)
    TIM_OC3_SetConfig                        0x08002b09   Thumb Code   112  stm32f1xx_hal_tim.o(i.TIM_OC3_SetConfig)
    i.TIM_OC4_SetConfig                      0x08002b80   Section        0  stm32f1xx_hal_tim.o(i.TIM_OC4_SetConfig)
    TIM_OC4_SetConfig                        0x08002b81   Thumb Code    74  stm32f1xx_hal_tim.o(i.TIM_OC4_SetConfig)
    i.TIM_TI1_ConfigInputStage               0x08002bd4   Section        0  stm32f1xx_hal_tim.o(i.TIM_TI1_ConfigInputStage)
    TIM_TI1_ConfigInputStage                 0x08002bd5   Thumb Code    38  stm32f1xx_hal_tim.o(i.TIM_TI1_ConfigInputStage)
    i.TIM_TI2_ConfigInputStage               0x08002bfa   Section        0  stm32f1xx_hal_tim.o(i.TIM_TI2_ConfigInputStage)
    TIM_TI2_ConfigInputStage                 0x08002bfb   Thumb Code    40  stm32f1xx_hal_tim.o(i.TIM_TI2_ConfigInputStage)
    i.UsageFault_Handler                     0x08002c22   Section        0  stm32f1xx_it.o(i.UsageFault_Handler)
    i._Init                                  0x08002c26   Section        0  segger_rtt.o(i._Init)
    _Init                                    0x08002c27   Thumb Code     2  segger_rtt.o(i._Init)
    i.__0printf                              0x08002c28   Section        0  printfa.o(i.__0printf)
    i.__ARM_fpclassify                       0x08002c48   Section        0  fpclassify.o(i.__ARM_fpclassify)
    i.__NVIC_GetPriorityGrouping             0x08002c70   Section        0  stm32f1xx_hal_cortex.o(i.__NVIC_GetPriorityGrouping)
    __NVIC_GetPriorityGrouping               0x08002c71   Thumb Code    10  stm32f1xx_hal_cortex.o(i.__NVIC_GetPriorityGrouping)
    i.__NVIC_SetPriority                     0x08002c80   Section        0  stm32f1xx_hal_cortex.o(i.__NVIC_SetPriority)
    __NVIC_SetPriority                       0x08002c81   Thumb Code    32  stm32f1xx_hal_cortex.o(i.__NVIC_SetPriority)
    i.__ieee754_rem_pio2                     0x08002ca8   Section        0  rred.o(i.__ieee754_rem_pio2)
    i.__kernel_cos                           0x08003030   Section        0  cos_i.o(i.__kernel_cos)
    i.__kernel_poly                          0x0800312c   Section        0  poly.o(i.__kernel_poly)
    i.__kernel_sin                           0x080031d8   Section        0  sin_i.o(i.__kernel_sin)
    i.__mathlib_dbl_infnan                   0x080032c4   Section        0  dunder.o(i.__mathlib_dbl_infnan)
    i.__mathlib_dbl_invalid                  0x080032ca   Section        0  dunder.o(i.__mathlib_dbl_invalid)
    i.__mathlib_dbl_underflow                0x080032d8   Section        0  dunder.o(i.__mathlib_dbl_underflow)
    i.__scatterload_copy                     0x080032e8   Section       14  handlers.o(i.__scatterload_copy)
    i.__scatterload_null                     0x080032f6   Section        2  handlers.o(i.__scatterload_null)
    i.__scatterload_zeroinit                 0x080032f8   Section       14  handlers.o(i.__scatterload_zeroinit)
    i.__set_errno                            0x08003308   Section        0  errno.o(i.__set_errno)
    i._fp_digits                             0x08003314   Section        0  printfa.o(i._fp_digits)
    _fp_digits                               0x08003315   Thumb Code   366  printfa.o(i._fp_digits)
    i._printf_core                           0x08003498   Section        0  printfa.o(i._printf_core)
    _printf_core                             0x08003499   Thumb Code  1744  printfa.o(i._printf_core)
    i._printf_post_padding                   0x08003b74   Section        0  printfa.o(i._printf_post_padding)
    _printf_post_padding                     0x08003b75   Thumb Code    36  printfa.o(i._printf_post_padding)
    i._printf_pre_padding                    0x08003b98   Section        0  printfa.o(i._printf_pre_padding)
    _printf_pre_padding                      0x08003b99   Thumb Code    46  printfa.o(i._printf_pre_padding)
    i.cos                                    0x08003bc8   Section        0  cos.o(i.cos)
    i.fputc                                  0x08003c64   Section        0  segger_rtt.o(i.fputc)
    i.main                                   0x08003c7e   Section        0  main.o(i.main)
    i.sin                                    0x08003ca0   Section        0  sin.o(i.sin)
    i.sqrt                                   0x08003d40   Section        0  sqrt.o(i.sqrt)
    .constdata                               0x08003d8c   Section       24  system_stm32f1xx.o(.constdata)
    .constdata                               0x08003da4   Section        9  appmain.o(.constdata)
    __FUNCTION__                             0x08003da4   Data           9  appmain.o(.constdata)
    .constdata                               0x08003dad   Section       15  mcudrivermain.o(.constdata)
    __FUNCTION__                             0x08003dad   Data          15  mcudrivermain.o(.constdata)
    .constdata                               0x08003dbc   Section       22  peripheraldrivermain.o(.constdata)
    __FUNCTION__                             0x08003dbc   Data          22  peripheraldrivermain.o(.constdata)
    .constdata                               0x08003dd2   Section       15  farmeworkmain.o(.constdata)
    __FUNCTION__                             0x08003dd2   Data          15  farmeworkmain.o(.constdata)
    .constdata                               0x08003de1   Section       14  functionmain.o(.constdata)
    __FUNCTION__                             0x08003de1   Data          14  functionmain.o(.constdata)
    .constdata                               0x08003df0   Section       48  cos_i.o(.constdata)
    C                                        0x08003df0   Data          48  cos_i.o(.constdata)
    .constdata                               0x08003e20   Section      200  rred.o(.constdata)
    pio2s                                    0x08003e20   Data          48  rred.o(.constdata)
    twooverpi                                0x08003e50   Data         152  rred.o(.constdata)
    .constdata                               0x08003ee8   Section       40  sin_i.o(.constdata)
    S                                        0x08003ee8   Data          40  sin_i.o(.constdata)
    .conststring                             0x08003f10   Section        9  segger_rtt.o(.conststring)
    .data                                    0x20000000   Section        9  stm32f1xx_hal.o(.data)
    .data                                    0x2000000c   Section        4  system_stm32f1xx.o(.data)
    .data                                    0x20000010   Section      120  segger_rtt.o(.data)
    _SEGGER_RTT                              0x20000010   Data         120  segger_rtt.o(.data)
    .data                                    0x20000088   Section        1  motorhalsensor.o(.data)
    .data                                    0x2000008c   Section        4  foc.o(.data)
    .data                                    0x20000090   Section       52  focfunction.o(.data)
    .data                                    0x200000c4   Section        4  stdout.o(.data)
    .data                                    0x200000c8   Section        4  errno.o(.data)
    _errno                                   0x200000c8   Data           4  errno.o(.data)
    .bss                                     0x200000cc   Section       48  adc.o(.bss)
    .bss                                     0x200000fc   Section       64  tim.o(.bss)
    .bss                                     0x2000013c   Section     1040  segger_rtt.o(.bss)
    _acUpBuffer                              0x2000013c   Data        1024  segger_rtt.o(.bss)
    _acDownBuffer                            0x2000053c   Data          16  segger_rtt.o(.bss)
    STACK                                    0x20000550   Section     1024  startup_stm32f103xe.o(STACK)

    Global Symbols

    Symbol Name                              Value     Ov Type        Size  Object(Section)

    BuildAttributes$$THM_ISAv4$P$D$K$B$S$PE$A:L22UL41UL21$X:L11$S22US41US21$IEEE1$IW$USESV6$~STKCKD$USESV7$~SHL$OTIME$ROPI$IEEEX$EBA8$MICROLIB$REQ8$PRES8$EABIv2 0x00000000   Number         0  anon$$obj.o ABSOLUTE
    __ARM_use_no_argv                        0x00000000   Number         0  main.o ABSOLUTE
    _printf_a                                0x00000000   Number         0  stubs.o ABSOLUTE
    _printf_c                                0x00000000   Number         0  stubs.o ABSOLUTE
    _printf_charcount                        0x00000000   Number         0  stubs.o ABSOLUTE
    _printf_d                                0x00000000   Number         0  stubs.o ABSOLUTE
    _printf_e                                0x00000000   Number         0  stubs.o ABSOLUTE
    _printf_f                                0x00000000   Number         0  stubs.o ABSOLUTE
    _printf_flags                            0x00000000   Number         0  stubs.o ABSOLUTE
    _printf_fp_dec                           0x00000000   Number         0  stubs.o ABSOLUTE
    _printf_fp_hex                           0x00000000   Number         0  stubs.o ABSOLUTE
    _printf_g                                0x00000000   Number         0  stubs.o ABSOLUTE
    _printf_i                                0x00000000   Number         0  stubs.o ABSOLUTE
    _printf_int_dec                          0x00000000   Number         0  stubs.o ABSOLUTE
    _printf_l                                0x00000000   Number         0  stubs.o ABSOLUTE
    _printf_lc                               0x00000000   Number         0  stubs.o ABSOLUTE
    _printf_ll                               0x00000000   Number         0  stubs.o ABSOLUTE
    _printf_lld                              0x00000000   Number         0  stubs.o ABSOLUTE
    _printf_lli                              0x00000000   Number         0  stubs.o ABSOLUTE
    _printf_llo                              0x00000000   Number         0  stubs.o ABSOLUTE
    _printf_llu                              0x00000000   Number         0  stubs.o ABSOLUTE
    _printf_llx                              0x00000000   Number         0  stubs.o ABSOLUTE
    _printf_longlong_dec                     0x00000000   Number         0  stubs.o ABSOLUTE
    _printf_longlong_hex                     0x00000000   Number         0  stubs.o ABSOLUTE
    _printf_longlong_oct                     0x00000000   Number         0  stubs.o ABSOLUTE
    _printf_ls                               0x00000000   Number         0  stubs.o ABSOLUTE
    _printf_mbtowc                           0x00000000   Number         0  stubs.o ABSOLUTE
    _printf_n                                0x00000000   Number         0  stubs.o ABSOLUTE
    _printf_o                                0x00000000   Number         0  stubs.o ABSOLUTE
    _printf_p                                0x00000000   Number         0  stubs.o ABSOLUTE
    _printf_percent                          0x00000000   Number         0  stubs.o ABSOLUTE
    _printf_pre_padding                      0x00000000   Number         0  stubs.o ABSOLUTE
    _printf_return_value                     0x00000000   Number         0  stubs.o ABSOLUTE
    _printf_s                                0x00000000   Number         0  stubs.o ABSOLUTE
    _printf_sizespec                         0x00000000   Number         0  stubs.o ABSOLUTE
    _printf_str                              0x00000000   Number         0  stubs.o ABSOLUTE
    _printf_truncate_signed                  0x00000000   Number         0  stubs.o ABSOLUTE
    _printf_truncate_unsigned                0x00000000   Number         0  stubs.o ABSOLUTE
    _printf_u                                0x00000000   Number         0  stubs.o ABSOLUTE
    _printf_wc                               0x00000000   Number         0  stubs.o ABSOLUTE
    _printf_wctomb                           0x00000000   Number         0  stubs.o ABSOLUTE
    _printf_widthprec                        0x00000000   Number         0  stubs.o ABSOLUTE
    _printf_x                                0x00000000   Number         0  stubs.o ABSOLUTE
    __cpp_initialize__aeabi_                  - Undefined Weak Reference
    __cxa_finalize                            - Undefined Weak Reference
    __decompress                              - Undefined Weak Reference
    _clock_init                               - Undefined Weak Reference
    _microlib_exit                            - Undefined Weak Reference
    __Vectors_Size                           0x00000130   Number         0  startup_stm32f103xe.o ABSOLUTE
    __Vectors                                0x08000000   Data           4  startup_stm32f103xe.o(RESET)
    __Vectors_End                            0x08000130   Data           0  startup_stm32f103xe.o(RESET)
    __main                                   0x08000131   Thumb Code     0  entry.o(.ARM.Collect$$$$00000000)
    _main_stk                                0x08000131   Thumb Code     0  entry2.o(.ARM.Collect$$$$00000001)
    _main_scatterload                        0x08000135   Thumb Code     0  entry5.o(.ARM.Collect$$$$00000004)
    __main_after_scatterload                 0x08000139   Thumb Code     0  entry5.o(.ARM.Collect$$$$00000004)
    _main_clock                              0x08000139   Thumb Code     0  entry7b.o(.ARM.Collect$$$$00000008)
    _main_cpp_init                           0x08000139   Thumb Code     0  entry8b.o(.ARM.Collect$$$$0000000A)
    _main_init                               0x08000139   Thumb Code     0  entry9a.o(.ARM.Collect$$$$0000000B)
    __rt_final_cpp                           0x08000141   Thumb Code     0  entry10a.o(.ARM.Collect$$$$0000000D)
    __rt_final_exit                          0x08000141   Thumb Code     0  entry11a.o(.ARM.Collect$$$$0000000F)
    Reset_Handler                            0x08000145   Thumb Code     8  startup_stm32f103xe.o(.text)
    ADC1_2_IRQHandler                        0x0800015f   Thumb Code     0  startup_stm32f103xe.o(.text)
    ADC3_IRQHandler                          0x0800015f   Thumb Code     0  startup_stm32f103xe.o(.text)
    CAN1_RX1_IRQHandler                      0x0800015f   Thumb Code     0  startup_stm32f103xe.o(.text)
    CAN1_SCE_IRQHandler                      0x0800015f   Thumb Code     0  startup_stm32f103xe.o(.text)
    DMA1_Channel1_IRQHandler                 0x0800015f   Thumb Code     0  startup_stm32f103xe.o(.text)
    DMA1_Channel2_IRQHandler                 0x0800015f   Thumb Code     0  startup_stm32f103xe.o(.text)
    DMA1_Channel3_IRQHandler                 0x0800015f   Thumb Code     0  startup_stm32f103xe.o(.text)
    DMA1_Channel4_IRQHandler                 0x0800015f   Thumb Code     0  startup_stm32f103xe.o(.text)
    DMA1_Channel5_IRQHandler                 0x0800015f   Thumb Code     0  startup_stm32f103xe.o(.text)
    DMA1_Channel6_IRQHandler                 0x0800015f   Thumb Code     0  startup_stm32f103xe.o(.text)
    DMA1_Channel7_IRQHandler                 0x0800015f   Thumb Code     0  startup_stm32f103xe.o(.text)
    DMA2_Channel1_IRQHandler                 0x0800015f   Thumb Code     0  startup_stm32f103xe.o(.text)
    DMA2_Channel2_IRQHandler                 0x0800015f   Thumb Code     0  startup_stm32f103xe.o(.text)
    DMA2_Channel3_IRQHandler                 0x0800015f   Thumb Code     0  startup_stm32f103xe.o(.text)
    DMA2_Channel4_5_IRQHandler               0x0800015f   Thumb Code     0  startup_stm32f103xe.o(.text)
    EXTI0_IRQHandler                         0x0800015f   Thumb Code     0  startup_stm32f103xe.o(.text)
    EXTI15_10_IRQHandler                     0x0800015f   Thumb Code     0  startup_stm32f103xe.o(.text)
    EXTI1_IRQHandler                         0x0800015f   Thumb Code     0  startup_stm32f103xe.o(.text)
    EXTI2_IRQHandler                         0x0800015f   Thumb Code     0  startup_stm32f103xe.o(.text)
    EXTI3_IRQHandler                         0x0800015f   Thumb Code     0  startup_stm32f103xe.o(.text)
    EXTI4_IRQHandler                         0x0800015f   Thumb Code     0  startup_stm32f103xe.o(.text)
    FLASH_IRQHandler                         0x0800015f   Thumb Code     0  startup_stm32f103xe.o(.text)
    FSMC_IRQHandler                          0x0800015f   Thumb Code     0  startup_stm32f103xe.o(.text)
    I2C1_ER_IRQHandler                       0x0800015f   Thumb Code     0  startup_stm32f103xe.o(.text)
    I2C1_EV_IRQHandler                       0x0800015f   Thumb Code     0  startup_stm32f103xe.o(.text)
    I2C2_ER_IRQHandler                       0x0800015f   Thumb Code     0  startup_stm32f103xe.o(.text)
    I2C2_EV_IRQHandler                       0x0800015f   Thumb Code     0  startup_stm32f103xe.o(.text)
    PVD_IRQHandler                           0x0800015f   Thumb Code     0  startup_stm32f103xe.o(.text)
    RCC_IRQHandler                           0x0800015f   Thumb Code     0  startup_stm32f103xe.o(.text)
    RTC_Alarm_IRQHandler                     0x0800015f   Thumb Code     0  startup_stm32f103xe.o(.text)
    RTC_IRQHandler                           0x0800015f   Thumb Code     0  startup_stm32f103xe.o(.text)
    SDIO_IRQHandler                          0x0800015f   Thumb Code     0  startup_stm32f103xe.o(.text)
    SPI1_IRQHandler                          0x0800015f   Thumb Code     0  startup_stm32f103xe.o(.text)
    SPI2_IRQHandler                          0x0800015f   Thumb Code     0  startup_stm32f103xe.o(.text)
    SPI3_IRQHandler                          0x0800015f   Thumb Code     0  startup_stm32f103xe.o(.text)
    TAMPER_IRQHandler                        0x0800015f   Thumb Code     0  startup_stm32f103xe.o(.text)
    TIM1_BRK_IRQHandler                      0x0800015f   Thumb Code     0  startup_stm32f103xe.o(.text)
    TIM1_CC_IRQHandler                       0x0800015f   Thumb Code     0  startup_stm32f103xe.o(.text)
    TIM1_TRG_COM_IRQHandler                  0x0800015f   Thumb Code     0  startup_stm32f103xe.o(.text)
    TIM1_UP_IRQHandler                       0x0800015f   Thumb Code     0  startup_stm32f103xe.o(.text)
    TIM2_IRQHandler                          0x0800015f   Thumb Code     0  startup_stm32f103xe.o(.text)
    TIM3_IRQHandler                          0x0800015f   Thumb Code     0  startup_stm32f103xe.o(.text)
    TIM4_IRQHandler                          0x0800015f   Thumb Code     0  startup_stm32f103xe.o(.text)
    TIM5_IRQHandler                          0x0800015f   Thumb Code     0  startup_stm32f103xe.o(.text)
    TIM6_IRQHandler                          0x0800015f   Thumb Code     0  startup_stm32f103xe.o(.text)
    TIM7_IRQHandler                          0x0800015f   Thumb Code     0  startup_stm32f103xe.o(.text)
    TIM8_BRK_IRQHandler                      0x0800015f   Thumb Code     0  startup_stm32f103xe.o(.text)
    TIM8_CC_IRQHandler                       0x0800015f   Thumb Code     0  startup_stm32f103xe.o(.text)
    TIM8_TRG_COM_IRQHandler                  0x0800015f   Thumb Code     0  startup_stm32f103xe.o(.text)
    TIM8_UP_IRQHandler                       0x0800015f   Thumb Code     0  startup_stm32f103xe.o(.text)
    UART4_IRQHandler                         0x0800015f   Thumb Code     0  startup_stm32f103xe.o(.text)
    UART5_IRQHandler                         0x0800015f   Thumb Code     0  startup_stm32f103xe.o(.text)
    USART1_IRQHandler                        0x0800015f   Thumb Code     0  startup_stm32f103xe.o(.text)
    USART2_IRQHandler                        0x0800015f   Thumb Code     0  startup_stm32f103xe.o(.text)
    USART3_IRQHandler                        0x0800015f   Thumb Code     0  startup_stm32f103xe.o(.text)
    USBWakeUp_IRQHandler                     0x0800015f   Thumb Code     0  startup_stm32f103xe.o(.text)
    USB_HP_CAN1_TX_IRQHandler                0x0800015f   Thumb Code     0  startup_stm32f103xe.o(.text)
    USB_LP_CAN1_RX0_IRQHandler               0x0800015f   Thumb Code     0  startup_stm32f103xe.o(.text)
    WWDG_IRQHandler                          0x0800015f   Thumb Code     0  startup_stm32f103xe.o(.text)
    __aeabi_llsr                             0x08000169   Thumb Code    32  llushr.o(.text)
    _ll_ushift_r                             0x08000169   Thumb Code     0  llushr.o(.text)
    __aeabi_memcpy                           0x08000189   Thumb Code    36  memcpya.o(.text)
    __aeabi_memcpy4                          0x08000189   Thumb Code     0  memcpya.o(.text)
    __aeabi_memcpy8                          0x08000189   Thumb Code     0  memcpya.o(.text)
    __aeabi_memset                           0x080001ad   Thumb Code    14  memseta.o(.text)
    __aeabi_memset4                          0x080001ad   Thumb Code     0  memseta.o(.text)
    __aeabi_memset8                          0x080001ad   Thumb Code     0  memseta.o(.text)
    __aeabi_memclr                           0x080001bb   Thumb Code     4  memseta.o(.text)
    __aeabi_memclr4                          0x080001bb   Thumb Code     0  memseta.o(.text)
    __aeabi_memclr8                          0x080001bb   Thumb Code     0  memseta.o(.text)
    _memset$wrapper                          0x080001bf   Thumb Code    18  memseta.o(.text)
    __aeabi_fmul                             0x080001d1   Thumb Code   100  fmul.o(.text)
    __aeabi_dadd                             0x08000235   Thumb Code   322  dadd.o(.text)
    __aeabi_dsub                             0x08000377   Thumb Code     6  dadd.o(.text)
    __aeabi_drsub                            0x0800037d   Thumb Code     6  dadd.o(.text)
    __aeabi_dmul                             0x08000383   Thumb Code   228  dmul.o(.text)
    __aeabi_ddiv                             0x08000467   Thumb Code   222  ddiv.o(.text)
    __aeabi_ui2f                             0x08000545   Thumb Code    10  ffltui.o(.text)
    __aeabi_f2d                              0x0800054f   Thumb Code    38  f2d.o(.text)
    __aeabi_cdrcmple                         0x08000575   Thumb Code    48  cdrcmple.o(.text)
    __aeabi_d2f                              0x080005a5   Thumb Code    56  d2f.o(.text)
    __aeabi_cfrcmple                         0x080005dd   Thumb Code    20  cfrcmple.o(.text)
    __aeabi_uidiv                            0x080005f1   Thumb Code     0  uidiv.o(.text)
    __aeabi_uidivmod                         0x080005f1   Thumb Code    44  uidiv.o(.text)
    __aeabi_uldivmod                         0x0800061d   Thumb Code    98  uldiv.o(.text)
    __aeabi_llsl                             0x0800067f   Thumb Code    30  llshl.o(.text)
    _ll_shift_l                              0x0800067f   Thumb Code     0  llshl.o(.text)
    __aeabi_lasr                             0x0800069d   Thumb Code    36  llsshr.o(.text)
    _ll_sshift_r                             0x0800069d   Thumb Code     0  llsshr.o(.text)
    __I$use$fp                               0x080006c1   Thumb Code     0  iusefp.o(.text)
    _float_round                             0x080006c1   Thumb Code    18  fepilogue.o(.text)
    _float_epilogue                          0x080006d3   Thumb Code    92  fepilogue.o(.text)
    _double_round                            0x0800072f   Thumb Code    30  depilogue.o(.text)
    _double_epilogue                         0x0800074d   Thumb Code   156  depilogue.o(.text)
    _dsqrt                                   0x080007e9   Thumb Code   162  dsqrt.o(.text)
    __aeabi_d2ulz                            0x0800088b   Thumb Code    48  dfixul.o(.text)
    __scatterload                            0x080008bd   Thumb Code    28  init.o(.text)
    __scatterload_rt2                        0x080008bd   Thumb Code     0  init.o(.text)
    __ARM_scalbn                             0x080008e1   Thumb Code    46  dscalb.o(.text)
    scalbn                                   0x080008e1   Thumb Code     0  dscalb.o(.text)
    __aeabi_i2d                              0x0800090f   Thumb Code    34  dflti.o(.text)
    __aeabi_ui2d                             0x08000931   Thumb Code    26  dfltui.o(.text)
    __aeabi_d2iz                             0x0800094b   Thumb Code    62  dfixi.o(.text)
    ADC_ConversionStop_Disable               0x08000989   Thumb Code    82  stm32f1xx_hal_adc.o(i.ADC_ConversionStop_Disable)
    APP_Init                                 0x080009dd   Thumb Code    28  appmain.o(i.APP_Init)
    APP_Loop                                 0x08000a05   Thumb Code    20  appmain.o(i.APP_Loop)
    BusFault_Handler                         0x08000a19   Thumb Code     4  stm32f1xx_it.o(i.BusFault_Handler)
    ClackTransform                           0x08000a1d   Thumb Code   142  foc.o(i.ClackTransform)
    DebugMon_Handler                         0x08000ac1   Thumb Code     2  stm32f1xx_it.o(i.DebugMon_Handler)
    EXTI9_5_IRQHandler                       0x08000ac3   Thumb Code    28  stm32f1xx_it.o(i.EXTI9_5_IRQHandler)
    Error_Handler                            0x08000adf   Thumb Code     2  main.o(i.Error_Handler)
    FOCCycle                                 0x08000ae1   Thumb Code    58  foc.o(i.FOCCycle)
    FOC_Loop                                 0x08000b25   Thumb Code    10  focfunction.o(i.FOC_Loop)
    FOC_Test                                 0x08000b35   Thumb Code   316  foc.o(i.FOC_Test)
    FarmeWork_Init                           0x08000ca9   Thumb Code    12  farmeworkmain.o(i.FarmeWork_Init)
    FarmeWork_Loop                           0x08000cc1   Thumb Code     2  farmeworkmain.o(i.FarmeWork_Loop)
    Function_Init                            0x08000cc5   Thumb Code    12  functionmain.o(i.Function_Init)
    Function_Loop                            0x08000cdd   Thumb Code     8  functionmain.o(i.Function_Loop)
    HAL_ADC_ConfigChannel                    0x08000ce5   Thumb Code   338  stm32f1xx_hal_adc.o(i.HAL_ADC_ConfigChannel)
    HAL_ADC_Init                             0x08000e45   Thumb Code   340  stm32f1xx_hal_adc.o(i.HAL_ADC_Init)
    HAL_ADC_MspInit                          0x08000fa5   Thumb Code   140  adc.o(i.HAL_ADC_MspInit)
    HAL_GPIO_EXTI_Callback                   0x08001041   Thumb Code     2  stm32f1xx_hal_gpio.o(i.HAL_GPIO_EXTI_Callback)
    HAL_GPIO_EXTI_IRQHandler                 0x08001045   Thumb Code    24  stm32f1xx_hal_gpio.o(i.HAL_GPIO_EXTI_IRQHandler)
    HAL_GPIO_Init                            0x08001061   Thumb Code   792  stm32f1xx_hal_gpio.o(i.HAL_GPIO_Init)
    HAL_GPIO_ReadPin                         0x080013a1   Thumb Code    16  stm32f1xx_hal_gpio.o(i.HAL_GPIO_ReadPin)
    HAL_GPIO_WritePin                        0x080013b1   Thumb Code    12  stm32f1xx_hal_gpio.o(i.HAL_GPIO_WritePin)
    HAL_GetTick                              0x080013bd   Thumb Code     6  stm32f1xx_hal.o(i.HAL_GetTick)
    HAL_IncTick                              0x080013c9   Thumb Code    16  stm32f1xx_hal.o(i.HAL_IncTick)
    HAL_Init                                 0x080013e1   Thumb Code    34  stm32f1xx_hal.o(i.HAL_Init)
    HAL_InitTick                             0x08001409   Thumb Code    64  stm32f1xx_hal.o(i.HAL_InitTick)
    HAL_MspInit                              0x08001455   Thumb Code    76  stm32f1xx_hal_msp.o(i.HAL_MspInit)
    HAL_NVIC_EnableIRQ                       0x080014a9   Thumb Code    32  stm32f1xx_hal_cortex.o(i.HAL_NVIC_EnableIRQ)
    HAL_NVIC_SetPriority                     0x080014c9   Thumb Code   124  stm32f1xx_hal_cortex.o(i.HAL_NVIC_SetPriority)
    HAL_NVIC_SetPriorityGrouping             0x08001545   Thumb Code    32  stm32f1xx_hal_cortex.o(i.HAL_NVIC_SetPriorityGrouping)
    HAL_RCCEx_PeriphCLKConfig                0x0800156d   Thumb Code   290  stm32f1xx_hal_rcc_ex.o(i.HAL_RCCEx_PeriphCLKConfig)
    HAL_RCC_ClockConfig                      0x0800169d   Thumb Code   376  stm32f1xx_hal_rcc.o(i.HAL_RCC_ClockConfig)
    HAL_RCC_GetSysClockFreq                  0x08001829   Thumb Code   116  stm32f1xx_hal_rcc.o(i.HAL_RCC_GetSysClockFreq)
    HAL_RCC_OscConfig                        0x080018bd   Thumb Code  1114  stm32f1xx_hal_rcc.o(i.HAL_RCC_OscConfig)
    HAL_SYSTICK_Config                       0x08001d21   Thumb Code    52  stm32f1xx_hal_cortex.o(i.HAL_SYSTICK_Config)
    HAL_TIMEx_ConfigBreakDeadTime            0x08001d55   Thumb Code   116  stm32f1xx_hal_tim_ex.o(i.HAL_TIMEx_ConfigBreakDeadTime)
    HAL_TIMEx_MasterConfigSynchronization    0x08001dc9   Thumb Code    84  stm32f1xx_hal_tim_ex.o(i.HAL_TIMEx_MasterConfigSynchronization)
    HAL_TIM_Base_Init                        0x08001e1d   Thumb Code    52  stm32f1xx_hal_tim.o(i.HAL_TIM_Base_Init)
    HAL_TIM_Base_MspInit                     0x08001e51   Thumb Code    40  tim.o(i.HAL_TIM_Base_MspInit)
    HAL_TIM_ConfigClockSource                0x08001e81   Thumb Code   264  stm32f1xx_hal_tim.o(i.HAL_TIM_ConfigClockSource)
    HAL_TIM_MspPostInit                      0x08001f89   Thumb Code    76  tim.o(i.HAL_TIM_MspPostInit)
    HAL_TIM_PWM_ConfigChannel                0x08001fe1   Thumb Code   264  stm32f1xx_hal_tim.o(i.HAL_TIM_PWM_ConfigChannel)
    HAL_TIM_PWM_Init                         0x080020e9   Thumb Code    52  stm32f1xx_hal_tim.o(i.HAL_TIM_PWM_Init)
    HAL_TIM_PWM_MspInit                      0x0800211d   Thumb Code     2  stm32f1xx_hal_tim.o(i.HAL_TIM_PWM_MspInit)
    HAL_TIM_PWM_Start                        0x08002121   Thumb Code    80  stm32f1xx_hal_tim.o(i.HAL_TIM_PWM_Start)
    HardFault_Handler                        0x08002179   Thumb Code     4  stm32f1xx_it.o(i.HardFault_Handler)
    MCUDriver_Init                           0x0800217d   Thumb Code    16  mcudrivermain.o(i.MCUDriver_Init)
    MCUDriver_Loop                           0x08002199   Thumb Code     2  mcudrivermain.o(i.MCUDriver_Loop)
    MX_ADC1_Init                             0x0800219d   Thumb Code    80  adc.o(i.MX_ADC1_Init)
    MX_GPIO_Init                             0x080021f5   Thumb Code   198  gpio.o(i.MX_GPIO_Init)
    MX_TIM1_Init                             0x080022cd   Thumb Code   240  tim.o(i.MX_TIM1_Init)
    MemManage_Handler                        0x080023c5   Thumb Code     4  stm32f1xx_it.o(i.MemManage_Handler)
    MotorHALSensorHandle                     0x080023c9   Thumb Code    60  motorhalsensor.o(i.MotorHALSensorHandle)
    NMI_Handler                              0x0800240d   Thumb Code     2  stm32f1xx_it.o(i.NMI_Handler)
    ParkTransform                            0x08002411   Thumb Code   260  foc.o(i.ParkTransform)
    PendSV_Handler                           0x08002525   Thumb Code     2  stm32f1xx_it.o(i.PendSV_Handler)
    PeripheralDriver_Init                    0x08002529   Thumb Code    12  peripheraldrivermain.o(i.PeripheralDriver_Init)
    PeripheralDriver_Loop                    0x08002541   Thumb Code     2  peripheraldrivermain.o(i.PeripheralDriver_Loop)
    SEGGER_RTT_Write                         0x0800256d   Thumb Code   364  segger_rtt.o(i.SEGGER_RTT_Write)
    SVC_Handler                              0x080026dd   Thumb Code     2  stm32f1xx_it.o(i.SVC_Handler)
    SetMotorHighBridge                       0x080026e1   Thumb Code    50  motorgpio.o(i.SetMotorHighBridge)
    SetMotorLowBridge                        0x08002719   Thumb Code    46  motorgpio.o(i.SetMotorLowBridge)
    SetMotorRun                              0x0800274d   Thumb Code   190  motorgpio.o(i.SetMotorRun)
    SysTick_Handler                          0x0800280d   Thumb Code    18  stm32f1xx_it.o(i.SysTick_Handler)
    SystemClock_Config                       0x08002825   Thumb Code   130  main.o(i.SystemClock_Config)
    SystemInit                               0x080028a9   Thumb Code    70  system_stm32f1xx.o(i.SystemInit)
    TIM1_Init                                0x08002901   Thumb Code    48  motorgpio.o(i.TIM1_Init)
    TIM_Base_SetConfig                       0x08002935   Thumb Code   134  stm32f1xx_hal_tim.o(i.TIM_Base_SetConfig)
    TIM_CCxChannelCmd                        0x080029d1   Thumb Code    34  stm32f1xx_hal_tim.o(i.TIM_CCxChannelCmd)
    TIM_ETR_SetConfig                        0x080029f3   Thumb Code    22  stm32f1xx_hal_tim.o(i.TIM_ETR_SetConfig)
    TIM_OC2_SetConfig                        0x08002a8d   Thumb Code   114  stm32f1xx_hal_tim.o(i.TIM_OC2_SetConfig)
    UsageFault_Handler                       0x08002c23   Thumb Code     4  stm32f1xx_it.o(i.UsageFault_Handler)
    __0printf                                0x08002c29   Thumb Code    22  printfa.o(i.__0printf)
    __1printf                                0x08002c29   Thumb Code     0  printfa.o(i.__0printf)
    __2printf                                0x08002c29   Thumb Code     0  printfa.o(i.__0printf)
    __c89printf                              0x08002c29   Thumb Code     0  printfa.o(i.__0printf)
    printf                                   0x08002c29   Thumb Code     0  printfa.o(i.__0printf)
    __ARM_fpclassify                         0x08002c49   Thumb Code    40  fpclassify.o(i.__ARM_fpclassify)
    __ieee754_rem_pio2                       0x08002ca9   Thumb Code   828  rred.o(i.__ieee754_rem_pio2)
    __kernel_cos                             0x08003031   Thumb Code   230  cos_i.o(i.__kernel_cos)
    __kernel_poly                            0x0800312d   Thumb Code   170  poly.o(i.__kernel_poly)
    __kernel_sin                             0x080031d9   Thumb Code   224  sin_i.o(i.__kernel_sin)
    __mathlib_dbl_infnan                     0x080032c5   Thumb Code     6  dunder.o(i.__mathlib_dbl_infnan)
    __mathlib_dbl_invalid                    0x080032cb   Thumb Code    12  dunder.o(i.__mathlib_dbl_invalid)
    __mathlib_dbl_underflow                  0x080032d9   Thumb Code    10  dunder.o(i.__mathlib_dbl_underflow)
    __scatterload_copy                       0x080032e9   Thumb Code    14  handlers.o(i.__scatterload_copy)
    __scatterload_null                       0x080032f7   Thumb Code     2  handlers.o(i.__scatterload_null)
    __scatterload_zeroinit                   0x080032f9   Thumb Code    14  handlers.o(i.__scatterload_zeroinit)
    __set_errno                              0x08003309   Thumb Code     6  errno.o(i.__set_errno)
    cos                                      0x08003bc9   Thumb Code   148  cos.o(i.cos)
    fputc                                    0x08003c65   Thumb Code    26  segger_rtt.o(i.fputc)
    main                                     0x08003c7f   Thumb Code    32  main.o(i.main)
    sin                                      0x08003ca1   Thumb Code   150  sin.o(i.sin)
    sqrt                                     0x08003d41   Thumb Code    76  sqrt.o(i.sqrt)
    AHBPrescTable                            0x08003d8c   Data          16  system_stm32f1xx.o(.constdata)
    APBPrescTable                            0x08003d9c   Data           8  system_stm32f1xx.o(.constdata)
    Region$$Table$$Base                      0x08003f1c   Number         0  anon$$obj.o(Region$$Table)
    Region$$Table$$Limit                     0x08003f3c   Number         0  anon$$obj.o(Region$$Table)
    uwTick                                   0x20000000   Data           4  stm32f1xx_hal.o(.data)
    uwTickPrio                               0x20000004   Data           4  stm32f1xx_hal.o(.data)
    uwTickFreq                               0x20000008   Data           1  stm32f1xx_hal.o(.data)
    SystemCoreClock                          0x2000000c   Data           4  system_stm32f1xx.o(.data)
    gMotorHAL                                0x20000088   Data           1  motorhalsensor.o(.data)
    gFoc_TimeCNT                             0x2000008c   Data           4  foc.o(.data)
    gFOC                                     0x20000090   Data          52  focfunction.o(.data)
    __stdout                                 0x200000c4   Data           4  stdout.o(.data)
    hadc1                                    0x200000cc   Data          48  adc.o(.bss)
    htim1                                    0x200000fc   Data          64  tim.o(.bss)
    __initial_sp                             0x20000950   Data           0  startup_stm32f103xe.o(STACK)



==============================================================================

Memory Map of the image

  Image Entry point : 0x08000131

  Load Region LR_IROM1 (Base: 0x08000000, Size: 0x00004008, Max: 0x00040000, ABSOLUTE)

    Execution Region ER_IROM1 (Exec base: 0x08000000, Load base: 0x08000000, Size: 0x00003f3c, Max: 0x00040000, ABSOLUTE)

    Exec Addr    Load Addr    Size         Type   Attr      Idx    E Section Name        Object

    0x08000000   0x08000000   0x00000130   Data   RO            3    RESET               startup_stm32f103xe.o
    0x08000130   0x08000130   0x00000000   Code   RO         3173  * .ARM.Collect$$$$00000000  mc_w.l(entry.o)
    0x08000130   0x08000130   0x00000004   Code   RO         3491    .ARM.Collect$$$$00000001  mc_w.l(entry2.o)
    0x08000134   0x08000134   0x00000004   Code   RO         3494    .ARM.Collect$$$$00000004  mc_w.l(entry5.o)
    0x08000138   0x08000138   0x00000000   Code   RO         3496    .ARM.Collect$$$$00000008  mc_w.l(entry7b.o)
    0x08000138   0x08000138   0x00000000   Code   RO         3498    .ARM.Collect$$$$0000000A  mc_w.l(entry8b.o)
    0x08000138   0x08000138   0x00000008   Code   RO         3499    .ARM.Collect$$$$0000000B  mc_w.l(entry9a.o)
    0x08000140   0x08000140   0x00000000   Code   RO         3501    .ARM.Collect$$$$0000000D  mc_w.l(entry10a.o)
    0x08000140   0x08000140   0x00000000   Code   RO         3503    .ARM.Collect$$$$0000000F  mc_w.l(entry11a.o)
    0x08000140   0x08000140   0x00000004   Code   RO         3492    .ARM.Collect$$$$00002712  mc_w.l(entry2.o)
    0x08000144   0x08000144   0x00000024   Code   RO            4    .text               startup_stm32f103xe.o
    0x08000168   0x08000168   0x00000020   Code   RO         3176    .text               mc_w.l(llushr.o)
    0x08000188   0x08000188   0x00000024   Code   RO         3178    .text               mc_w.l(memcpya.o)
    0x080001ac   0x080001ac   0x00000024   Code   RO         3180    .text               mc_w.l(memseta.o)
    0x080001d0   0x080001d0   0x00000064   Code   RO         3445    .text               mf_w.l(fmul.o)
    0x08000234   0x08000234   0x0000014e   Code   RO         3447    .text               mf_w.l(dadd.o)
    0x08000382   0x08000382   0x000000e4   Code   RO         3449    .text               mf_w.l(dmul.o)
    0x08000466   0x08000466   0x000000de   Code   RO         3451    .text               mf_w.l(ddiv.o)
    0x08000544   0x08000544   0x0000000a   Code   RO         3453    .text               mf_w.l(ffltui.o)
    0x0800054e   0x0800054e   0x00000026   Code   RO         3455    .text               mf_w.l(f2d.o)
    0x08000574   0x08000574   0x00000030   Code   RO         3457    .text               mf_w.l(cdrcmple.o)
    0x080005a4   0x080005a4   0x00000038   Code   RO         3459    .text               mf_w.l(d2f.o)
    0x080005dc   0x080005dc   0x00000014   Code   RO         3461    .text               mf_w.l(cfrcmple.o)
    0x080005f0   0x080005f0   0x0000002c   Code   RO         3506    .text               mc_w.l(uidiv.o)
    0x0800061c   0x0800061c   0x00000062   Code   RO         3508    .text               mc_w.l(uldiv.o)
    0x0800067e   0x0800067e   0x0000001e   Code   RO         3510    .text               mc_w.l(llshl.o)
    0x0800069c   0x0800069c   0x00000024   Code   RO         3512    .text               mc_w.l(llsshr.o)
    0x080006c0   0x080006c0   0x00000000   Code   RO         3521    .text               mc_w.l(iusefp.o)
    0x080006c0   0x080006c0   0x0000006e   Code   RO         3522    .text               mf_w.l(fepilogue.o)
    0x0800072e   0x0800072e   0x000000ba   Code   RO         3524    .text               mf_w.l(depilogue.o)
    0x080007e8   0x080007e8   0x000000a2   Code   RO         3526    .text               mf_w.l(dsqrt.o)
    0x0800088a   0x0800088a   0x00000030   Code   RO         3528    .text               mf_w.l(dfixul.o)
    0x080008ba   0x080008ba   0x00000002   PAD
    0x080008bc   0x080008bc   0x00000024   Code   RO         3536    .text               mc_w.l(init.o)
    0x080008e0   0x080008e0   0x0000002e   Code   RO         3538    .text               mf_w.l(dscalb.o)
    0x0800090e   0x0800090e   0x00000022   Code   RO         3540    .text               mf_w.l(dflti.o)
    0x08000930   0x08000930   0x0000001a   Code   RO         3542    .text               mf_w.l(dfltui.o)
    0x0800094a   0x0800094a   0x0000003e   Code   RO         3544    .text               mf_w.l(dfixi.o)
    0x08000988   0x08000988   0x00000052   Code   RO          494    i.ADC_ConversionStop_Disable  stm32f1xx_hal_adc.o
    0x080009da   0x080009da   0x00000002   PAD
    0x080009dc   0x080009dc   0x00000028   Code   RO         2882    i.APP_Init          appmain.o
    0x08000a04   0x08000a04   0x00000014   Code   RO         2883    i.APP_Loop          appmain.o
    0x08000a18   0x08000a18   0x00000004   Code   RO          265    i.BusFault_Handler  stm32f1xx_it.o
    0x08000a1c   0x08000a1c   0x000000a4   Code   RO         3069    i.ClackTransform    foc.o
    0x08000ac0   0x08000ac0   0x00000002   Code   RO          266    i.DebugMon_Handler  stm32f1xx_it.o
    0x08000ac2   0x08000ac2   0x0000001c   Code   RO          267    i.EXTI9_5_IRQHandler  stm32f1xx_it.o
    0x08000ade   0x08000ade   0x00000002   Code   RO           13    i.Error_Handler     main.o
    0x08000ae0   0x08000ae0   0x00000044   Code   RO         3070    i.FOCCycle          foc.o
    0x08000b24   0x08000b24   0x00000010   Code   RO         3134    i.FOC_Loop          focfunction.o
    0x08000b34   0x08000b34   0x00000174   Code   RO         3071    i.FOC_Test          foc.o
    0x08000ca8   0x08000ca8   0x00000018   Code   RO         3050    i.FarmeWork_Init    farmeworkmain.o
    0x08000cc0   0x08000cc0   0x00000002   Code   RO         3051    i.FarmeWork_Loop    farmeworkmain.o
    0x08000cc2   0x08000cc2   0x00000002   PAD
    0x08000cc4   0x08000cc4   0x00000018   Code   RO         3109    i.Function_Init     functionmain.o
    0x08000cdc   0x08000cdc   0x00000008   Code   RO         3110    i.Function_Loop     functionmain.o
    0x08000ce4   0x08000ce4   0x00000160   Code   RO          500    i.HAL_ADC_ConfigChannel  stm32f1xx_hal_adc.o
    0x08000e44   0x08000e44   0x00000160   Code   RO          509    i.HAL_ADC_Init      stm32f1xx_hal_adc.o
    0x08000fa4   0x08000fa4   0x0000009c   Code   RO          176    i.HAL_ADC_MspInit   adc.o
    0x08001040   0x08001040   0x00000002   Code   RO         1088    i.HAL_GPIO_EXTI_Callback  stm32f1xx_hal_gpio.o
    0x08001042   0x08001042   0x00000002   PAD
    0x08001044   0x08001044   0x0000001c   Code   RO         1089    i.HAL_GPIO_EXTI_IRQHandler  stm32f1xx_hal_gpio.o
    0x08001060   0x08001060   0x00000340   Code   RO         1090    i.HAL_GPIO_Init     stm32f1xx_hal_gpio.o
    0x080013a0   0x080013a0   0x00000010   Code   RO         1092    i.HAL_GPIO_ReadPin  stm32f1xx_hal_gpio.o
    0x080013b0   0x080013b0   0x0000000c   Code   RO         1094    i.HAL_GPIO_WritePin  stm32f1xx_hal_gpio.o
    0x080013bc   0x080013bc   0x0000000c   Code   RO          781    i.HAL_GetTick       stm32f1xx_hal.o
    0x080013c8   0x080013c8   0x00000018   Code   RO          787    i.HAL_IncTick       stm32f1xx_hal.o
    0x080013e0   0x080013e0   0x00000028   Code   RO          788    i.HAL_Init          stm32f1xx_hal.o
    0x08001408   0x08001408   0x0000004c   Code   RO          789    i.HAL_InitTick      stm32f1xx_hal.o
    0x08001454   0x08001454   0x00000054   Code   RO          434    i.HAL_MspInit       stm32f1xx_hal_msp.o
    0x080014a8   0x080014a8   0x00000020   Code   RO         1250    i.HAL_NVIC_EnableIRQ  stm32f1xx_hal_cortex.o
    0x080014c8   0x080014c8   0x0000007c   Code   RO         1256    i.HAL_NVIC_SetPriority  stm32f1xx_hal_cortex.o
    0x08001544   0x08001544   0x00000028   Code   RO         1257    i.HAL_NVIC_SetPriorityGrouping  stm32f1xx_hal_cortex.o
    0x0800156c   0x0800156c   0x00000130   Code   RO         1053    i.HAL_RCCEx_PeriphCLKConfig  stm32f1xx_hal_rcc_ex.o
    0x0800169c   0x0800169c   0x0000018c   Code   RO          945    i.HAL_RCC_ClockConfig  stm32f1xx_hal_rcc.o
    0x08001828   0x08001828   0x00000094   Code   RO          954    i.HAL_RCC_GetSysClockFreq  stm32f1xx_hal_rcc.o
    0x080018bc   0x080018bc   0x00000464   Code   RO          957    i.HAL_RCC_OscConfig  stm32f1xx_hal_rcc.o
    0x08001d20   0x08001d20   0x00000034   Code   RO         1261    i.HAL_SYSTICK_Config  stm32f1xx_hal_cortex.o
    0x08001d54   0x08001d54   0x00000074   Code   RO         2467    i.HAL_TIMEx_ConfigBreakDeadTime  stm32f1xx_hal_tim_ex.o
    0x08001dc8   0x08001dc8   0x00000054   Code   RO         2482    i.HAL_TIMEx_MasterConfigSynchronization  stm32f1xx_hal_tim_ex.o
    0x08001e1c   0x08001e1c   0x00000034   Code   RO         1778    i.HAL_TIM_Base_Init  stm32f1xx_hal_tim.o
    0x08001e50   0x08001e50   0x00000030   Code   RO          218    i.HAL_TIM_Base_MspInit  tim.o
    0x08001e80   0x08001e80   0x00000108   Code   RO         1787    i.HAL_TIM_ConfigClockSource  stm32f1xx_hal_tim.o
    0x08001f88   0x08001f88   0x00000058   Code   RO          219    i.HAL_TIM_MspPostInit  tim.o
    0x08001fe0   0x08001fe0   0x00000108   Code   RO         1845    i.HAL_TIM_PWM_ConfigChannel  stm32f1xx_hal_tim.o
    0x080020e8   0x080020e8   0x00000034   Code   RO         1848    i.HAL_TIM_PWM_Init  stm32f1xx_hal_tim.o
    0x0800211c   0x0800211c   0x00000002   Code   RO         1850    i.HAL_TIM_PWM_MspInit  stm32f1xx_hal_tim.o
    0x0800211e   0x0800211e   0x00000002   PAD
    0x08002120   0x08002120   0x00000058   Code   RO         1853    i.HAL_TIM_PWM_Start  stm32f1xx_hal_tim.o
    0x08002178   0x08002178   0x00000004   Code   RO          268    i.HardFault_Handler  stm32f1xx_it.o
    0x0800217c   0x0800217c   0x0000001c   Code   RO         2917    i.MCUDriver_Init    mcudrivermain.o
    0x08002198   0x08002198   0x00000002   Code   RO         2918    i.MCUDriver_Loop    mcudrivermain.o
    0x0800219a   0x0800219a   0x00000002   PAD
    0x0800219c   0x0800219c   0x00000058   Code   RO          177    i.MX_ADC1_Init      adc.o
    0x080021f4   0x080021f4   0x000000d8   Code   RO          151    i.MX_GPIO_Init      gpio.o
    0x080022cc   0x080022cc   0x000000f8   Code   RO          220    i.MX_TIM1_Init      tim.o
    0x080023c4   0x080023c4   0x00000004   Code   RO          269    i.MemManage_Handler  stm32f1xx_it.o
    0x080023c8   0x080023c8   0x00000044   Code   RO         2989    i.MotorHALSensorHandle  motorhalsensor.o
    0x0800240c   0x0800240c   0x00000002   Code   RO          270    i.NMI_Handler       stm32f1xx_it.o
    0x0800240e   0x0800240e   0x00000002   PAD
    0x08002410   0x08002410   0x00000114   Code   RO         3072    i.ParkTransform     foc.o
    0x08002524   0x08002524   0x00000002   Code   RO          271    i.PendSV_Handler    stm32f1xx_it.o
    0x08002526   0x08002526   0x00000002   PAD
    0x08002528   0x08002528   0x00000018   Code   RO         3031    i.PeripheralDriver_Init  peripheraldrivermain.o
    0x08002540   0x08002540   0x00000002   Code   RO         3032    i.PeripheralDriver_Loop  peripheraldrivermain.o
    0x08002542   0x08002542   0x00000002   PAD
    0x08002544   0x08002544   0x00000028   Code   RO          958    i.RCC_Delay         stm32f1xx_hal_rcc.o
    0x0800256c   0x0800256c   0x00000170   Code   RO         2756    i.SEGGER_RTT_Write  segger_rtt.o
    0x080026dc   0x080026dc   0x00000002   Code   RO          272    i.SVC_Handler       stm32f1xx_it.o
    0x080026de   0x080026de   0x00000002   PAD
    0x080026e0   0x080026e0   0x00000038   Code   RO         2945    i.SetMotorHighBridge  motorgpio.o
    0x08002718   0x08002718   0x00000034   Code   RO         2946    i.SetMotorLowBridge  motorgpio.o
    0x0800274c   0x0800274c   0x000000be   Code   RO         2947    i.SetMotorRun       motorgpio.o
    0x0800280a   0x0800280a   0x00000002   PAD
    0x0800280c   0x0800280c   0x00000018   Code   RO          273    i.SysTick_Handler   stm32f1xx_it.o
    0x08002824   0x08002824   0x00000082   Code   RO           14    i.SystemClock_Config  main.o
    0x080028a6   0x080028a6   0x00000002   PAD
    0x080028a8   0x080028a8   0x00000058   Code   RO         2716    i.SystemInit        system_stm32f1xx.o
    0x08002900   0x08002900   0x00000034   Code   RO         2948    i.TIM1_Init         motorgpio.o
    0x08002934   0x08002934   0x0000009c   Code   RO         1866    i.TIM_Base_SetConfig  stm32f1xx_hal_tim.o
    0x080029d0   0x080029d0   0x00000022   Code   RO         1867    i.TIM_CCxChannelCmd  stm32f1xx_hal_tim.o
    0x080029f2   0x080029f2   0x00000016   Code   RO         1877    i.TIM_ETR_SetConfig  stm32f1xx_hal_tim.o
    0x08002a08   0x08002a08   0x00000012   Code   RO         1878    i.TIM_ITRx_SetConfig  stm32f1xx_hal_tim.o
    0x08002a1a   0x08002a1a   0x00000002   PAD
    0x08002a1c   0x08002a1c   0x00000070   Code   RO         1879    i.TIM_OC1_SetConfig  stm32f1xx_hal_tim.o
    0x08002a8c   0x08002a8c   0x0000007c   Code   RO         1880    i.TIM_OC2_SetConfig  stm32f1xx_hal_tim.o
    0x08002b08   0x08002b08   0x00000078   Code   RO         1881    i.TIM_OC3_SetConfig  stm32f1xx_hal_tim.o
    0x08002b80   0x08002b80   0x00000054   Code   RO         1882    i.TIM_OC4_SetConfig  stm32f1xx_hal_tim.o
    0x08002bd4   0x08002bd4   0x00000026   Code   RO         1884    i.TIM_TI1_ConfigInputStage  stm32f1xx_hal_tim.o
    0x08002bfa   0x08002bfa   0x00000028   Code   RO         1886    i.TIM_TI2_ConfigInputStage  stm32f1xx_hal_tim.o
    0x08002c22   0x08002c22   0x00000004   Code   RO          274    i.UsageFault_Handler  stm32f1xx_it.o
    0x08002c26   0x08002c26   0x00000002   Code   RO         2758    i._Init             segger_rtt.o
    0x08002c28   0x08002c28   0x00000020   Code   RO         3417    i.__0printf         mc_w.l(printfa.o)
    0x08002c48   0x08002c48   0x00000028   Code   RO         3532    i.__ARM_fpclassify  m_ws.l(fpclassify.o)
    0x08002c70   0x08002c70   0x00000010   Code   RO         1263    i.__NVIC_GetPriorityGrouping  stm32f1xx_hal_cortex.o
    0x08002c80   0x08002c80   0x00000028   Code   RO         1264    i.__NVIC_SetPriority  stm32f1xx_hal_cortex.o
    0x08002ca8   0x08002ca8   0x00000388   Code   RO         3480    i.__ieee754_rem_pio2  m_ws.l(rred.o)
    0x08003030   0x08003030   0x000000fc   Code   RO         3463    i.__kernel_cos      m_ws.l(cos_i.o)
    0x0800312c   0x0800312c   0x000000aa   Code   RO         3534    i.__kernel_poly     m_ws.l(poly.o)
    0x080031d6   0x080031d6   0x00000002   PAD
    0x080031d8   0x080031d8   0x000000ec   Code   RO         3485    i.__kernel_sin      m_ws.l(sin_i.o)
    0x080032c4   0x080032c4   0x00000006   Code   RO         3467    i.__mathlib_dbl_infnan  m_ws.l(dunder.o)
    0x080032ca   0x080032ca   0x0000000c   Code   RO         3469    i.__mathlib_dbl_invalid  m_ws.l(dunder.o)
    0x080032d6   0x080032d6   0x00000002   PAD
    0x080032d8   0x080032d8   0x00000010   Code   RO         3472    i.__mathlib_dbl_underflow  m_ws.l(dunder.o)
    0x080032e8   0x080032e8   0x0000000e   Code   RO         3548    i.__scatterload_copy  mc_w.l(handlers.o)
    0x080032f6   0x080032f6   0x00000002   Code   RO         3549    i.__scatterload_null  mc_w.l(handlers.o)
    0x080032f8   0x080032f8   0x0000000e   Code   RO         3550    i.__scatterload_zeroinit  mc_w.l(handlers.o)
    0x08003306   0x08003306   0x00000002   PAD
    0x08003308   0x08003308   0x0000000c   Code   RO         3516    i.__set_errno       mc_w.l(errno.o)
    0x08003314   0x08003314   0x00000184   Code   RO         3424    i._fp_digits        mc_w.l(printfa.o)
    0x08003498   0x08003498   0x000006dc   Code   RO         3425    i._printf_core      mc_w.l(printfa.o)
    0x08003b74   0x08003b74   0x00000024   Code   RO         3426    i._printf_post_padding  mc_w.l(printfa.o)
    0x08003b98   0x08003b98   0x0000002e   Code   RO         3427    i._printf_pre_padding  mc_w.l(printfa.o)
    0x08003bc6   0x08003bc6   0x00000002   PAD
    0x08003bc8   0x08003bc8   0x0000009c   Code   RO         3150    i.cos               m_ws.l(cos.o)
    0x08003c64   0x08003c64   0x0000001a   Code   RO         2760    i.fputc             segger_rtt.o
    0x08003c7e   0x08003c7e   0x00000020   Code   RO           15    i.main              main.o
    0x08003c9e   0x08003c9e   0x00000002   PAD
    0x08003ca0   0x08003ca0   0x000000a0   Code   RO         3158    i.sin               m_ws.l(sin.o)
    0x08003d40   0x08003d40   0x0000004c   Code   RO         3166    i.sqrt              m_ws.l(sqrt.o)
    0x08003d8c   0x08003d8c   0x00000018   Data   RO         2717    .constdata          system_stm32f1xx.o
    0x08003da4   0x08003da4   0x00000009   Data   RO         2884    .constdata          appmain.o
    0x08003dad   0x08003dad   0x0000000f   Data   RO         2919    .constdata          mcudrivermain.o
    0x08003dbc   0x08003dbc   0x00000016   Data   RO         3033    .constdata          peripheraldrivermain.o
    0x08003dd2   0x08003dd2   0x0000000f   Data   RO         3052    .constdata          farmeworkmain.o
    0x08003de1   0x08003de1   0x0000000e   Data   RO         3111    .constdata          functionmain.o
    0x08003def   0x08003def   0x00000001   PAD
    0x08003df0   0x08003df0   0x00000030   Data   RO         3464    .constdata          m_ws.l(cos_i.o)
    0x08003e20   0x08003e20   0x000000c8   Data   RO         3482    .constdata          m_ws.l(rred.o)
    0x08003ee8   0x08003ee8   0x00000028   Data   RO         3486    .constdata          m_ws.l(sin_i.o)
    0x08003f10   0x08003f10   0x00000009   Data   RO         2762    .conststring        segger_rtt.o
    0x08003f19   0x08003f19   0x00000003   PAD
    0x08003f1c   0x08003f1c   0x00000020   Data   RO         3546    Region$$Table       anon$$obj.o


    Execution Region RW_IRAM1 (Exec base: 0x20000000, Load base: 0x08003f3c, Size: 0x00000950, Max: 0x0000c000, ABSOLUTE)

    Exec Addr    Load Addr    Size         Type   Attr      Idx    E Section Name        Object

    0x20000000   0x08003f3c   0x00000009   Data   RW          795    .data               stm32f1xx_hal.o
    0x20000009   0x08003f45   0x00000003   PAD
    0x2000000c   0x08003f48   0x00000004   Data   RW         2718    .data               system_stm32f1xx.o
    0x20000010   0x08003f4c   0x00000078   Data   RW         2763    .data               segger_rtt.o
    0x20000088   0x08003fc4   0x00000001   Data   RW         2990    .data               motorhalsensor.o
    0x20000089   0x08003fc5   0x00000003   PAD
    0x2000008c   0x08003fc8   0x00000004   Data   RW         3073    .data               foc.o
    0x20000090   0x08003fcc   0x00000034   Data   RW         3135    .data               focfunction.o
    0x200000c4   0x08004000   0x00000004   Data   RW         3505    .data               mc_w.l(stdout.o)
    0x200000c8   0x08004004   0x00000004   Data   RW         3517    .data               mc_w.l(errno.o)
    0x200000cc        -       0x00000030   Zero   RW          178    .bss                adc.o
    0x200000fc        -       0x00000040   Zero   RW          221    .bss                tim.o
    0x2000013c        -       0x00000410   Zero   RW         2761    .bss                segger_rtt.o
    0x2000054c   0x08004008   0x00000004   PAD
    0x20000550        -       0x00000400   Zero   RW            1    STACK               startup_stm32f103xe.o


==============================================================================

Image component sizes


      Code (inc. data)   RO Data    RW Data    ZI Data      Debug   Object Name

       244         24          0          0         48       1513   adc.o
        60         12          9          0          0        870   appmain.o
        26         12         15          0          0        890   farmeworkmain.o
       880        104          0          4          0       3678   foc.o
        16          6          0         52          0        634   focfunction.o
        32         12         14          0          0        932   functionmain.o
       216         18          0          0          0        859   gpio.o
       164          0          0          0          0     488568   main.o
        30         12         15          0          0        894   mcudrivermain.o
       350         24          0          0          0       2107   motorgpio.o
        68          8          0          1          0       1263   motorhalsensor.o
        26         12         22          0          0        968   peripheraldrivermain.o
       396          4          9        120       1040       4075   segger_rtt.o
        36          8        304          0       1024        768   startup_stm32f103xe.o
       152         32          0          9          0       5633   stm32f1xx_hal.o
       786         26          0          0          0       2984   stm32f1xx_hal_adc.o
       304         22          0          0          0      29171   stm32f1xx_hal_cortex.o
       890         44          0          0          0       4263   stm32f1xx_hal_gpio.o
        84          8          0          0          0        794   stm32f1xx_hal_msp.o
      1708         84          0          0          0       4204   stm32f1xx_hal_rcc.o
       304         14          0          0          0       1328   stm32f1xx_hal_rcc_ex.o
      1470         66          0          0          0      11022   stm32f1xx_hal_tim.o
       200          0          0          0          0       1948   stm32f1xx_hal_tim_ex.o
        76          6          0          0          0       5098   stm32f1xx_it.o
        88         18         24          4          0       1055   system_stm32f1xx.o
       384         28          0          0         64       2176   tim.o

    ----------------------------------------------------------------------
      9016        604        448        196       2180     577695   Object Totals
         0          0         32          0          0          0   (incl. Generated)
        26          0          4          6          4          0   (incl. Padding)

    ----------------------------------------------------------------------

      Code (inc. data)   RO Data    RW Data    ZI Data      Debug   Library Member Name

       156          8          0          0          0        104   cos.o
       252         22         48          0          0        124   cos_i.o
        34          6          0          0          0        204   dunder.o
        40          0          0          0          0         68   fpclassify.o
       170          0          0          0          0         96   poly.o
       904         76        200          0          0        140   rred.o
       160         10          0          0          0        108   sin.o
       236         12         40          0          0        128   sin_i.o
        76          0          0          0          0         84   sqrt.o
         0          0          0          0          0          0   entry.o
         0          0          0          0          0          0   entry10a.o
         0          0          0          0          0          0   entry11a.o
         8          4          0          0          0          0   entry2.o
         4          0          0          0          0          0   entry5.o
         0          0          0          0          0          0   entry7b.o
         0          0          0          0          0          0   entry8b.o
         8          4          0          0          0          0   entry9a.o
        12          6          0          4          0         68   errno.o
        30          0          0          0          0          0   handlers.o
        36          8          0          0          0         68   init.o
         0          0          0          0          0          0   iusefp.o
        30          0          0          0          0         68   llshl.o
        36          0          0          0          0         68   llsshr.o
        32          0          0          0          0         68   llushr.o
        36          0          0          0          0         68   memcpya.o
        36          0          0          0          0        108   memseta.o
      2258         90          0          0          0        452   printfa.o
         0          0          0          4          0          0   stdout.o
        44          0          0          0          0         80   uidiv.o
        98          0          0          0          0         92   uldiv.o
        48          0          0          0          0         68   cdrcmple.o
        20          0          0          0          0         68   cfrcmple.o
        56          0          0          0          0         88   d2f.o
       334          0          0          0          0        148   dadd.o
       222          0          0          0          0        100   ddiv.o
       186          0          0          0          0        176   depilogue.o
        62          0          0          0          0         80   dfixi.o
        48          0          0          0          0         68   dfixul.o
        34          0          0          0          0         76   dflti.o
        26          0          0          0          0         76   dfltui.o
       228          0          0          0          0         96   dmul.o
        46          0          0          0          0         80   dscalb.o
       162          0          0          0          0        100   dsqrt.o
        38          0          0          0          0         68   f2d.o
       110          0          0          0          0        168   fepilogue.o
        10          0          0          0          0         68   ffltui.o
       100          0          0          0          0         76   fmul.o

    ----------------------------------------------------------------------
      6436        246        288          8          0       3800   Library Totals
        10          0          0          0          0          0   (incl. Padding)

    ----------------------------------------------------------------------

      Code (inc. data)   RO Data    RW Data    ZI Data      Debug   Library Name

      2028        134        288          0          0       1056   m_ws.l
      2668        112          0          8          0       1140   mc_w.l
      1730          0          0          0          0       1604   mf_w.l

    ----------------------------------------------------------------------
      6436        246        288          8          0       3800   Library Totals

    ----------------------------------------------------------------------

==============================================================================


      Code (inc. data)   RO Data    RW Data    ZI Data      Debug   

     15452        850        736        204       2180     575355   Grand Totals
     15452        850        736        204       2180     575355   ELF Image Totals
     15452        850        736        204          0          0   ROM Totals

==============================================================================

    Total RO  Size (Code + RO Data)                16188 (  15.81kB)
    Total RW  Size (RW Data + ZI Data)              2384 (   2.33kB)
    Total ROM Size (Code + RO Data + RW Data)      16392 (  16.01kB)

==============================================================================

